ARM GAS  C:\Users\JOSHU_~1\AppData\Local\Temp\ccuxezzl.s 			page 1


   1              		.syntax unified
   2              		.cpu cortex-m3
   3              		.fpu softvfp
   4              		.eabi_attribute 20, 1
   5              		.eabi_attribute 21, 1
   6              		.eabi_attribute 23, 3
   7              		.eabi_attribute 24, 1
   8              		.eabi_attribute 25, 1
   9              		.eabi_attribute 26, 1
  10              		.eabi_attribute 30, 6
  11              		.eabi_attribute 34, 1
  12              		.eabi_attribute 18, 4
  13              		.thumb
  14              		.syntax unified
  15              		.file	"main.c"
  16              		.text
  17              	.Ltext0:
  18              		.cfi_sections	.debug_frame
  19              		.global	period
  20              		.data
  21              		.align	2
  22              		.type	period, %object
  23              		.size	period, 4
  24              	period:
  25 0000 00001646 		.word	1175846912
  26              		.global	__aeabi_fdiv
  27              		.global	__aeabi_fsub
  28              		.global	__aeabi_fmul
  29              		.global	__aeabi_f2iz
  30              		.section	.text.writeMS,"ax",%progbits
  31              		.align	2
  32              		.global	writeMS
  33              		.thumb
  34              		.thumb_func
  35              		.type	writeMS, %function
  36              	writeMS:
  37              	.LFB63:
  38              		.file 1 "main.c"
   1:main.c        **** /******************************************************************************
   2:main.c        **** * File Name: main.c
   3:main.c        **** *
   4:main.c        **** * Version: 1.10
   5:main.c        **** *
   6:main.c        **** * Description: This is the source code for the Blinking LED code example.
   7:main.c        **** *
   8:main.c        **** * Related Document: CE195352_PSoC_5LP_Blinking_LED.pdf
   9:main.c        **** *
  10:main.c        **** * Hardware Dependency: See CE195352_PSoC_5LP_Blinking_LED.pdf
  11:main.c        **** *
  12:main.c        **** *******************************************************************************
  13:main.c        **** * Copyright (2018), Cypress Semiconductor Corporation. All rights reserved.
  14:main.c        **** *******************************************************************************
  15:main.c        **** * This software, including source code, documentation and related materials
  16:main.c        **** * (“Software”), is owned by Cypress Semiconductor Corporation or one of its
  17:main.c        **** * subsidiaries (“Cypress”) and is protected by and subject to worldwide patent
  18:main.c        **** * protection (United States and foreign), United States copyright laws and
  19:main.c        **** * international treaty provisions. Therefore, you may use this Software only
ARM GAS  C:\Users\JOSHU_~1\AppData\Local\Temp\ccuxezzl.s 			page 2


  20:main.c        **** * as provided in the license agreement accompanying the software package from
  21:main.c        **** * which you obtained this Software (“EULA”).
  22:main.c        **** *
  23:main.c        **** * If no EULA applies, Cypress hereby grants you a personal, nonexclusive,
  24:main.c        **** * non-transferable license to copy, modify, and compile the Software source
  25:main.c        **** * code solely for use in connection with Cypress’s integrated circuit products.
  26:main.c        **** * Any reproduction, modification, translation, compilation, or representation
  27:main.c        **** * of this Software except as specified above is prohibited without the express
  28:main.c        **** * written permission of Cypress.
  29:main.c        **** *
  30:main.c        **** * Disclaimer: THIS SOFTWARE IS PROVIDED AS-IS, WITH NO WARRANTY OF ANY KIND, 
  31:main.c        **** * EXPRESS OR IMPLIED, INCLUDING, BUT NOT LIMITED TO, NONINFRINGEMENT, IMPLIED 
  32:main.c        **** * WARRANTIES OF MERCHANTABILITY AND FITNESS FOR A PARTICULAR PURPOSE. Cypress 
  33:main.c        **** * reserves the right to make changes to the Software without notice. Cypress 
  34:main.c        **** * does not assume any liability arising out of the application or use of the 
  35:main.c        **** * Software or any product or circuit described in the Software. Cypress does 
  36:main.c        **** * not authorize its products for use in any products where a malfunction or 
  37:main.c        **** * failure of the Cypress product may reasonably be expected to result in 
  38:main.c        **** * significant property damage, injury or death (“High Risk Product”). By 
  39:main.c        **** * including Cypress’s product in a High Risk Product, the manufacturer of such 
  40:main.c        **** * system or application assumes all risk of such use and in doing so agrees to 
  41:main.c        **** * indemnify Cypress against all liability.
  42:main.c        **** *******************************************************************************/
  43:main.c        **** 
  44:main.c        **** #include <project.h>
  45:main.c        **** #include <stdlib.h>
  46:main.c        **** 
  47:main.c        **** /*******************************************************************************
  48:main.c        **** * Function Name: main
  49:main.c        **** ********************************************************************************
  50:main.c        **** *
  51:main.c        **** * Summary:
  52:main.c        **** *  The PWM is configured and started in the PWM_1_Start() function.
  53:main.c        **** *  The firmware then enters an idle loop, leaving control of the project
  54:main.c        **** *  to the fixed function PWM peripheral.
  55:main.c        **** *
  56:main.c        **** * Parameters:
  57:main.c        **** *  None.
  58:main.c        **** *
  59:main.c        **** * Return:
  60:main.c        **** *  None.
  61:main.c        **** *
  62:main.c        **** *******************************************************************************/
  63:main.c        **** float period = 9600;
  64:main.c        **** 
  65:main.c        **** void writeMS(float ms) {
  39              		.loc 1 65 0
  40              		.cfi_startproc
  41              		@ args = 0, pretend = 0, frame = 16
  42              		@ frame_needed = 1, uses_anonymous_args = 0
  43 0000 80B5     		push	{r7, lr}
  44              		.cfi_def_cfa_offset 8
  45              		.cfi_offset 7, -8
  46              		.cfi_offset 14, -4
  47 0002 84B0     		sub	sp, sp, #16
  48              		.cfi_def_cfa_offset 24
  49 0004 00AF     		add	r7, sp, #0
ARM GAS  C:\Users\JOSHU_~1\AppData\Local\Temp\ccuxezzl.s 			page 3


  50              		.cfi_def_cfa_register 7
  51 0006 7860     		str	r0, [r7, #4]	@ float
  66:main.c        ****     float perc = ms / 20; // 20 ms period
  52              		.loc 1 66 0
  53 0008 1249     		ldr	r1, .L2
  54 000a 7868     		ldr	r0, [r7, #4]	@ float
  55 000c FFF7FEFF 		bl	__aeabi_fdiv
  56 0010 0346     		mov	r3, r0
  57 0012 FB60     		str	r3, [r7, #12]	@ float
  67:main.c        ****     int cmp = (int) ((1 - perc) * period);
  58              		.loc 1 67 0
  59 0014 F968     		ldr	r1, [r7, #12]	@ float
  60 0016 4FF07E50 		mov	r0, #1065353216
  61 001a FFF7FEFF 		bl	__aeabi_fsub
  62 001e 0346     		mov	r3, r0
  63 0020 1A46     		mov	r2, r3
  64 0022 0D4B     		ldr	r3, .L2+4
  65 0024 1B68     		ldr	r3, [r3]	@ float
  66 0026 1946     		mov	r1, r3
  67 0028 1046     		mov	r0, r2
  68 002a FFF7FEFF 		bl	__aeabi_fmul
  69 002e 0346     		mov	r3, r0
  70 0030 1846     		mov	r0, r3
  71 0032 FFF7FEFF 		bl	__aeabi_f2iz
  72 0036 0346     		mov	r3, r0
  73 0038 BB60     		str	r3, [r7, #8]
  68:main.c        ****     PWM_WriteCompare(cmp);
  74              		.loc 1 68 0
  75 003a BB68     		ldr	r3, [r7, #8]
  76 003c 9BB2     		uxth	r3, r3
  77 003e 1846     		mov	r0, r3
  78 0040 FFF7FEFF 		bl	PWM_WriteCompare
  69:main.c        ****     CyDelay(1000);
  79              		.loc 1 69 0
  80 0044 4FF47A70 		mov	r0, #1000
  81 0048 FFF7FEFF 		bl	CyDelay
  70:main.c        **** }
  82              		.loc 1 70 0
  83 004c 00BF     		nop
  84 004e 1037     		adds	r7, r7, #16
  85              		.cfi_def_cfa_offset 8
  86 0050 BD46     		mov	sp, r7
  87              		.cfi_def_cfa_register 13
  88              		@ sp needed
  89 0052 80BD     		pop	{r7, pc}
  90              	.L3:
  91              		.align	2
  92              	.L2:
  93 0054 0000A041 		.word	1101004800
  94 0058 00000000 		.word	period
  95              		.cfi_endproc
  96              	.LFE63:
  97              		.size	writeMS, .-writeMS
  98              		.section	.text.main,"ax",%progbits
  99              		.align	2
 100              		.global	main
 101              		.thumb
ARM GAS  C:\Users\JOSHU_~1\AppData\Local\Temp\ccuxezzl.s 			page 4


 102              		.thumb_func
 103              		.type	main, %function
 104              	main:
 105              	.LFB64:
  71:main.c        **** 
  72:main.c        **** 
  73:main.c        **** int main()
  74:main.c        **** {
 106              		.loc 1 74 0
 107              		.cfi_startproc
 108              		@ args = 0, pretend = 0, frame = 536
 109              		@ frame_needed = 1, uses_anonymous_args = 0
 110 0000 80B5     		push	{r7, lr}
 111              		.cfi_def_cfa_offset 8
 112              		.cfi_offset 7, -8
 113              		.cfi_offset 14, -4
 114 0002 ADF5067D 		sub	sp, sp, #536
 115              		.cfi_def_cfa_offset 544
 116 0006 00AF     		add	r7, sp, #0
 117              		.cfi_def_cfa_register 7
  75:main.c        ****     CyDelay(1000);
 118              		.loc 1 75 0
 119 0008 4FF47A70 		mov	r0, #1000
 120 000c FFF7FEFF 		bl	CyDelay
  76:main.c        ****     /* Serial */
  77:main.c        ****     CyGlobalIntEnable;
 121              		.loc 1 77 0
 122              		.syntax unified
 123              	@ 77 "main.c" 1
 124 0010 62B6     		CPSIE   i
 125              	@ 0 "" 2
  78:main.c        ****     UART_Start();
 126              		.loc 1 78 0
 127              		.thumb
 128              		.syntax unified
 129 0012 FFF7FEFF 		bl	UART_Start
  79:main.c        ****     int ch; 
  80:main.c        ****     char buffer[512];
  81:main.c        ****     uint16_t buffer_count = 0;
 130              		.loc 1 81 0
 131 0016 0023     		movs	r3, #0
 132 0018 A7F80A32 		strh	r3, [r7, #522]	@ movhi
  82:main.c        ****     
  83:main.c        ****     /* PWM */
  84:main.c        ****     PWM_Start();    
 133              		.loc 1 84 0
 134 001c FFF7FEFF 		bl	PWM_Start
  85:main.c        ****     int cmp = 8640;
 135              		.loc 1 85 0
 136 0020 4FF40753 		mov	r3, #8640
 137 0024 C7F81432 		str	r3, [r7, #532]
  86:main.c        ****     int mltplr = 1;
 138              		.loc 1 86 0
 139 0028 0123     		movs	r3, #1
 140 002a C7F81032 		str	r3, [r7, #528]
 141              	.L9:
  87:main.c        ****     while (1) {
ARM GAS  C:\Users\JOSHU_~1\AppData\Local\Temp\ccuxezzl.s 			page 5


  88:main.c        ****         ch = UART_GetChar(); // returns an int apparently
 142              		.loc 1 88 0
 143 002e FFF7FEFF 		bl	UART_GetChar
 144 0032 0346     		mov	r3, r0
 145 0034 C7F80432 		str	r3, [r7, #516]
 146              	.LBB2:
  89:main.c        ****         
  90:main.c        ****         if (ch > 0 && 1==2) 
  91:main.c        ****         { 
  92:main.c        ****             if (ch == 13) { // if new line pressed
  93:main.c        ****                 // Null terminate
  94:main.c        ****                 buffer[buffer_count++] = '\0';
  95:main.c        **** 
  96:main.c        ****                 // Print back what was typed
  97:main.c        ****                 UART_PutString(buffer);
  98:main.c        ****                 UART_PutStringConst("\n");
  99:main.c        **** 
 100:main.c        ****                 // Parse int from buffer
 101:main.c        ****                 cmp = atoi(buffer);
 102:main.c        **** 
 103:main.c        ****                    
 104:main.c        ****                 
 105:main.c        ****                 // Spin motor:
 106:main.c        ****                 for (int i = 0; i < 2; i++) {
 107:main.c        ****                     PWM_WriteCompare(cmp); 
 108:main.c        ****                     CyDelay(100);    
 109:main.c        ****                 }
 110:main.c        **** 
 111:main.c        ****                 // Reset buffer
 112:main.c        ****                 buffer_count = 0;
 113:main.c        ****             }
 114:main.c        ****             else if (ch >= 48 && ch <= 57 && buffer_count < sizeof(buffer) / sizeof(buffer[0]) - 1)
 115:main.c        ****                 // Put character into buffer
 116:main.c        ****                 buffer[buffer_count++] = ch;
 117:main.c        ****             }
 118:main.c        ****         }
 119:main.c        ****         
 120:main.c        ****         
 121:main.c        ****         for (int i = 0; i < 2; i++) {
 147              		.loc 1 121 0
 148 0038 0023     		movs	r3, #0
 149 003a C7F80C32 		str	r3, [r7, #524]
 150 003e 0DE0     		b	.L5
 151              	.L6:
 122:main.c        ****             PWM_WriteCompare(cmp); 
 152              		.loc 1 122 0
 153 0040 D7F81432 		ldr	r3, [r7, #532]
 154 0044 9BB2     		uxth	r3, r3
 155 0046 1846     		mov	r0, r3
 156 0048 FFF7FEFF 		bl	PWM_WriteCompare
 123:main.c        ****             CyDelay(100);    
 157              		.loc 1 123 0
 158 004c 6420     		movs	r0, #100
 159 004e FFF7FEFF 		bl	CyDelay
 121:main.c        ****             PWM_WriteCompare(cmp); 
 160              		.loc 1 121 0
 161 0052 D7F80C32 		ldr	r3, [r7, #524]
ARM GAS  C:\Users\JOSHU_~1\AppData\Local\Temp\ccuxezzl.s 			page 6


 162 0056 0133     		adds	r3, r3, #1
 163 0058 C7F80C32 		str	r3, [r7, #524]
 164              	.L5:
 121:main.c        ****             PWM_WriteCompare(cmp); 
 165              		.loc 1 121 0 is_stmt 0 discriminator 1
 166 005c D7F80C32 		ldr	r3, [r7, #524]
 167 0060 012B     		cmp	r3, #1
 168 0062 EDDD     		ble	.L6
 169              	.LBE2:
 124:main.c        ****             if (cmp == 9000 && 1==2) {
 125:main.c        ****                 i = 0;
 126:main.c        ****             }
 127:main.c        ****         }
 128:main.c        ****         
 129:main.c        ****         cmp += 1 * mltplr;
 170              		.loc 1 129 0 is_stmt 1
 171 0064 D7F81422 		ldr	r2, [r7, #532]
 172 0068 D7F81032 		ldr	r3, [r7, #528]
 173 006c 1344     		add	r3, r3, r2
 174 006e C7F81432 		str	r3, [r7, #532]
 130:main.c        ****         if (cmp >= 9120 || cmp <= 8640) {
 175              		.loc 1 130 0
 176 0072 D7F81432 		ldr	r3, [r7, #532]
 177 0076 42F29F32 		movw	r2, #9119
 178 007a 9342     		cmp	r3, r2
 179 007c 04DC     		bgt	.L7
 180              		.loc 1 130 0 is_stmt 0 discriminator 1
 181 007e D7F81432 		ldr	r3, [r7, #532]
 182 0082 B3F5075F 		cmp	r3, #8640
 183 0086 D2DC     		bgt	.L9
 184              	.L7:
 131:main.c        ****             mltplr *= -1;
 185              		.loc 1 131 0 is_stmt 1
 186 0088 D7F81032 		ldr	r3, [r7, #528]
 187 008c 5B42     		negs	r3, r3
 188 008e C7F81032 		str	r3, [r7, #528]
 132:main.c        ****         }
 133:main.c        ****         /*
 134:main.c        ****         if (cmp == 8800 ) {
 135:main.c        ****             PWM_WriteCompare(cmp); 
 136:main.c        ****             CyDelay(500);
 137:main.c        ****             while (1) {}   
 138:main.c        ****         }
 139:main.c        ****         
 140:main.c        ****        */
 141:main.c        ****     }
 189              		.loc 1 141 0
 190 0092 CCE7     		b	.L9
 191              		.cfi_endproc
 192              	.LFE64:
 193              		.size	main, .-main
 194              		.text
 195              	.Letext0:
 196              		.file 2 "c:\\program files (x86)\\cypress\\psoc creator\\4.2\\psoc creator\\import\\gnu\\arm\\5.4.
 197              		.file 3 "c:\\program files (x86)\\cypress\\psoc creator\\4.2\\psoc creator\\import\\gnu\\arm\\5.4.
 198              		.file 4 "Generated_Source\\PSoC5/core_cm3.h"
 199              		.section	.debug_info,"",%progbits
ARM GAS  C:\Users\JOSHU_~1\AppData\Local\Temp\ccuxezzl.s 			page 7


 200              	.Ldebug_info0:
 201 0000 9F010000 		.4byte	0x19f
 202 0004 0400     		.2byte	0x4
 203 0006 00000000 		.4byte	.Ldebug_abbrev0
 204 000a 04       		.byte	0x4
 205 000b 01       		.uleb128 0x1
 206 000c 00000000 		.4byte	.LASF26
 207 0010 0C       		.byte	0xc
 208 0011 60010000 		.4byte	.LASF27
 209 0015 6C010000 		.4byte	.LASF28
 210 0019 00000000 		.4byte	.Ldebug_ranges0+0
 211 001d 00000000 		.4byte	0
 212 0021 00000000 		.4byte	.Ldebug_line0
 213 0025 02       		.uleb128 0x2
 214 0026 01       		.byte	0x1
 215 0027 06       		.byte	0x6
 216 0028 C6010000 		.4byte	.LASF0
 217 002c 02       		.uleb128 0x2
 218 002d 01       		.byte	0x1
 219 002e 08       		.byte	0x8
 220 002f C6000000 		.4byte	.LASF1
 221 0033 02       		.uleb128 0x2
 222 0034 02       		.byte	0x2
 223 0035 05       		.byte	0x5
 224 0036 97010000 		.4byte	.LASF2
 225 003a 03       		.uleb128 0x3
 226 003b 06010000 		.4byte	.LASF4
 227 003f 02       		.byte	0x2
 228 0040 2B       		.byte	0x2b
 229 0041 45000000 		.4byte	0x45
 230 0045 02       		.uleb128 0x2
 231 0046 02       		.byte	0x2
 232 0047 07       		.byte	0x7
 233 0048 E6000000 		.4byte	.LASF3
 234 004c 03       		.uleb128 0x3
 235 004d 9B000000 		.4byte	.LASF5
 236 0051 02       		.byte	0x2
 237 0052 3F       		.byte	0x3f
 238 0053 57000000 		.4byte	0x57
 239 0057 02       		.uleb128 0x2
 240 0058 04       		.byte	0x4
 241 0059 05       		.byte	0x5
 242 005a B1010000 		.4byte	.LASF6
 243 005e 02       		.uleb128 0x2
 244 005f 04       		.byte	0x4
 245 0060 07       		.byte	0x7
 246 0061 D4000000 		.4byte	.LASF7
 247 0065 02       		.uleb128 0x2
 248 0066 08       		.byte	0x8
 249 0067 05       		.byte	0x5
 250 0068 52010000 		.4byte	.LASF8
 251 006c 02       		.uleb128 0x2
 252 006d 08       		.byte	0x8
 253 006e 07       		.byte	0x7
 254 006f 2A010000 		.4byte	.LASF9
 255 0073 04       		.uleb128 0x4
 256 0074 04       		.byte	0x4
ARM GAS  C:\Users\JOSHU_~1\AppData\Local\Temp\ccuxezzl.s 			page 8


 257 0075 05       		.byte	0x5
 258 0076 696E7400 		.ascii	"int\000"
 259 007a 02       		.uleb128 0x2
 260 007b 04       		.byte	0x4
 261 007c 07       		.byte	0x7
 262 007d 1D010000 		.4byte	.LASF10
 263 0081 03       		.uleb128 0x3
 264 0082 A8010000 		.4byte	.LASF11
 265 0086 03       		.byte	0x3
 266 0087 24       		.byte	0x24
 267 0088 3A000000 		.4byte	0x3a
 268 008c 03       		.uleb128 0x3
 269 008d 41010000 		.4byte	.LASF12
 270 0091 03       		.byte	0x3
 271 0092 2C       		.byte	0x2c
 272 0093 4C000000 		.4byte	0x4c
 273 0097 02       		.uleb128 0x2
 274 0098 04       		.byte	0x4
 275 0099 04       		.byte	0x4
 276 009a B9000000 		.4byte	.LASF13
 277 009e 02       		.uleb128 0x2
 278 009f 08       		.byte	0x8
 279 00a0 04       		.byte	0x4
 280 00a1 11010000 		.4byte	.LASF14
 281 00a5 02       		.uleb128 0x2
 282 00a6 01       		.byte	0x1
 283 00a7 08       		.byte	0x8
 284 00a8 67010000 		.4byte	.LASF15
 285 00ac 02       		.uleb128 0x2
 286 00ad 08       		.byte	0x8
 287 00ae 04       		.byte	0x4
 288 00af BA010000 		.4byte	.LASF16
 289 00b3 02       		.uleb128 0x2
 290 00b4 04       		.byte	0x4
 291 00b5 07       		.byte	0x7
 292 00b6 49010000 		.4byte	.LASF17
 293 00ba 05       		.uleb128 0x5
 294 00bb B1000000 		.4byte	.LASF19
 295 00bf 01       		.byte	0x1
 296 00c0 41       		.byte	0x41
 297 00c1 00000000 		.4byte	.LFB63
 298 00c5 5C000000 		.4byte	.LFE63-.LFB63
 299 00c9 01       		.uleb128 0x1
 300 00ca 9C       		.byte	0x9c
 301 00cb F9000000 		.4byte	0xf9
 302 00cf 06       		.uleb128 0x6
 303 00d0 6D7300   		.ascii	"ms\000"
 304 00d3 01       		.byte	0x1
 305 00d4 41       		.byte	0x41
 306 00d5 97000000 		.4byte	0x97
 307 00d9 02       		.uleb128 0x2
 308 00da 91       		.byte	0x91
 309 00db 6C       		.sleb128 -20
 310 00dc 07       		.uleb128 0x7
 311 00dd AC000000 		.4byte	.LASF18
 312 00e1 01       		.byte	0x1
 313 00e2 42       		.byte	0x42
ARM GAS  C:\Users\JOSHU_~1\AppData\Local\Temp\ccuxezzl.s 			page 9


 314 00e3 97000000 		.4byte	0x97
 315 00e7 02       		.uleb128 0x2
 316 00e8 91       		.byte	0x91
 317 00e9 74       		.sleb128 -12
 318 00ea 08       		.uleb128 0x8
 319 00eb 636D7000 		.ascii	"cmp\000"
 320 00ef 01       		.byte	0x1
 321 00f0 43       		.byte	0x43
 322 00f1 73000000 		.4byte	0x73
 323 00f5 02       		.uleb128 0x2
 324 00f6 91       		.byte	0x91
 325 00f7 70       		.sleb128 -16
 326 00f8 00       		.byte	0
 327 00f9 09       		.uleb128 0x9
 328 00fa 18010000 		.4byte	.LASF20
 329 00fe 01       		.byte	0x1
 330 00ff 49       		.byte	0x49
 331 0100 73000000 		.4byte	0x73
 332 0104 00000000 		.4byte	.LFB64
 333 0108 94000000 		.4byte	.LFE64-.LFB64
 334 010c 01       		.uleb128 0x1
 335 010d 9C       		.byte	0x9c
 336 010e 6F010000 		.4byte	0x16f
 337 0112 08       		.uleb128 0x8
 338 0113 636800   		.ascii	"ch\000"
 339 0116 01       		.byte	0x1
 340 0117 4F       		.byte	0x4f
 341 0118 73000000 		.4byte	0x73
 342 011c 02       		.uleb128 0x2
 343 011d 91       		.byte	0x91
 344 011e 64       		.sleb128 -28
 345 011f 07       		.uleb128 0x7
 346 0120 A1010000 		.4byte	.LASF21
 347 0124 01       		.byte	0x1
 348 0125 50       		.byte	0x50
 349 0126 6F010000 		.4byte	0x16f
 350 012a 03       		.uleb128 0x3
 351 012b 91       		.byte	0x91
 352 012c E47B     		.sleb128 -540
 353 012e 07       		.uleb128 0x7
 354 012f 8E000000 		.4byte	.LASF22
 355 0133 01       		.byte	0x1
 356 0134 51       		.byte	0x51
 357 0135 81000000 		.4byte	0x81
 358 0139 02       		.uleb128 0x2
 359 013a 91       		.byte	0x91
 360 013b 6A       		.sleb128 -22
 361 013c 08       		.uleb128 0x8
 362 013d 636D7000 		.ascii	"cmp\000"
 363 0141 01       		.byte	0x1
 364 0142 55       		.byte	0x55
 365 0143 73000000 		.4byte	0x73
 366 0147 02       		.uleb128 0x2
 367 0148 91       		.byte	0x91
 368 0149 74       		.sleb128 -12
 369 014a 07       		.uleb128 0x7
 370 014b BF000000 		.4byte	.LASF23
ARM GAS  C:\Users\JOSHU_~1\AppData\Local\Temp\ccuxezzl.s 			page 10


 371 014f 01       		.byte	0x1
 372 0150 56       		.byte	0x56
 373 0151 73000000 		.4byte	0x73
 374 0155 02       		.uleb128 0x2
 375 0156 91       		.byte	0x91
 376 0157 70       		.sleb128 -16
 377 0158 0A       		.uleb128 0xa
 378 0159 38000000 		.4byte	.LBB2
 379 015d 2C000000 		.4byte	.LBE2-.LBB2
 380 0161 08       		.uleb128 0x8
 381 0162 6900     		.ascii	"i\000"
 382 0164 01       		.byte	0x1
 383 0165 79       		.byte	0x79
 384 0166 73000000 		.4byte	0x73
 385 016a 02       		.uleb128 0x2
 386 016b 91       		.byte	0x91
 387 016c 6C       		.sleb128 -20
 388 016d 00       		.byte	0
 389 016e 00       		.byte	0
 390 016f 0B       		.uleb128 0xb
 391 0170 A5000000 		.4byte	0xa5
 392 0174 80010000 		.4byte	0x180
 393 0178 0C       		.uleb128 0xc
 394 0179 B3000000 		.4byte	0xb3
 395 017d FF01     		.2byte	0x1ff
 396 017f 00       		.byte	0
 397 0180 0D       		.uleb128 0xd
 398 0181 F9000000 		.4byte	.LASF24
 399 0185 04       		.byte	0x4
 400 0186 1207     		.2byte	0x712
 401 0188 8C010000 		.4byte	0x18c
 402 018c 0E       		.uleb128 0xe
 403 018d 8C000000 		.4byte	0x8c
 404 0191 0F       		.uleb128 0xf
 405 0192 A5000000 		.4byte	.LASF25
 406 0196 01       		.byte	0x1
 407 0197 3F       		.byte	0x3f
 408 0198 97000000 		.4byte	0x97
 409 019c 05       		.uleb128 0x5
 410 019d 03       		.byte	0x3
 411 019e 00000000 		.4byte	period
 412 01a2 00       		.byte	0
 413              		.section	.debug_abbrev,"",%progbits
 414              	.Ldebug_abbrev0:
 415 0000 01       		.uleb128 0x1
 416 0001 11       		.uleb128 0x11
 417 0002 01       		.byte	0x1
 418 0003 25       		.uleb128 0x25
 419 0004 0E       		.uleb128 0xe
 420 0005 13       		.uleb128 0x13
 421 0006 0B       		.uleb128 0xb
 422 0007 03       		.uleb128 0x3
 423 0008 0E       		.uleb128 0xe
 424 0009 1B       		.uleb128 0x1b
 425 000a 0E       		.uleb128 0xe
 426 000b 55       		.uleb128 0x55
 427 000c 17       		.uleb128 0x17
ARM GAS  C:\Users\JOSHU_~1\AppData\Local\Temp\ccuxezzl.s 			page 11


 428 000d 11       		.uleb128 0x11
 429 000e 01       		.uleb128 0x1
 430 000f 10       		.uleb128 0x10
 431 0010 17       		.uleb128 0x17
 432 0011 00       		.byte	0
 433 0012 00       		.byte	0
 434 0013 02       		.uleb128 0x2
 435 0014 24       		.uleb128 0x24
 436 0015 00       		.byte	0
 437 0016 0B       		.uleb128 0xb
 438 0017 0B       		.uleb128 0xb
 439 0018 3E       		.uleb128 0x3e
 440 0019 0B       		.uleb128 0xb
 441 001a 03       		.uleb128 0x3
 442 001b 0E       		.uleb128 0xe
 443 001c 00       		.byte	0
 444 001d 00       		.byte	0
 445 001e 03       		.uleb128 0x3
 446 001f 16       		.uleb128 0x16
 447 0020 00       		.byte	0
 448 0021 03       		.uleb128 0x3
 449 0022 0E       		.uleb128 0xe
 450 0023 3A       		.uleb128 0x3a
 451 0024 0B       		.uleb128 0xb
 452 0025 3B       		.uleb128 0x3b
 453 0026 0B       		.uleb128 0xb
 454 0027 49       		.uleb128 0x49
 455 0028 13       		.uleb128 0x13
 456 0029 00       		.byte	0
 457 002a 00       		.byte	0
 458 002b 04       		.uleb128 0x4
 459 002c 24       		.uleb128 0x24
 460 002d 00       		.byte	0
 461 002e 0B       		.uleb128 0xb
 462 002f 0B       		.uleb128 0xb
 463 0030 3E       		.uleb128 0x3e
 464 0031 0B       		.uleb128 0xb
 465 0032 03       		.uleb128 0x3
 466 0033 08       		.uleb128 0x8
 467 0034 00       		.byte	0
 468 0035 00       		.byte	0
 469 0036 05       		.uleb128 0x5
 470 0037 2E       		.uleb128 0x2e
 471 0038 01       		.byte	0x1
 472 0039 3F       		.uleb128 0x3f
 473 003a 19       		.uleb128 0x19
 474 003b 03       		.uleb128 0x3
 475 003c 0E       		.uleb128 0xe
 476 003d 3A       		.uleb128 0x3a
 477 003e 0B       		.uleb128 0xb
 478 003f 3B       		.uleb128 0x3b
 479 0040 0B       		.uleb128 0xb
 480 0041 27       		.uleb128 0x27
 481 0042 19       		.uleb128 0x19
 482 0043 11       		.uleb128 0x11
 483 0044 01       		.uleb128 0x1
 484 0045 12       		.uleb128 0x12
ARM GAS  C:\Users\JOSHU_~1\AppData\Local\Temp\ccuxezzl.s 			page 12


 485 0046 06       		.uleb128 0x6
 486 0047 40       		.uleb128 0x40
 487 0048 18       		.uleb128 0x18
 488 0049 9642     		.uleb128 0x2116
 489 004b 19       		.uleb128 0x19
 490 004c 01       		.uleb128 0x1
 491 004d 13       		.uleb128 0x13
 492 004e 00       		.byte	0
 493 004f 00       		.byte	0
 494 0050 06       		.uleb128 0x6
 495 0051 05       		.uleb128 0x5
 496 0052 00       		.byte	0
 497 0053 03       		.uleb128 0x3
 498 0054 08       		.uleb128 0x8
 499 0055 3A       		.uleb128 0x3a
 500 0056 0B       		.uleb128 0xb
 501 0057 3B       		.uleb128 0x3b
 502 0058 0B       		.uleb128 0xb
 503 0059 49       		.uleb128 0x49
 504 005a 13       		.uleb128 0x13
 505 005b 02       		.uleb128 0x2
 506 005c 18       		.uleb128 0x18
 507 005d 00       		.byte	0
 508 005e 00       		.byte	0
 509 005f 07       		.uleb128 0x7
 510 0060 34       		.uleb128 0x34
 511 0061 00       		.byte	0
 512 0062 03       		.uleb128 0x3
 513 0063 0E       		.uleb128 0xe
 514 0064 3A       		.uleb128 0x3a
 515 0065 0B       		.uleb128 0xb
 516 0066 3B       		.uleb128 0x3b
 517 0067 0B       		.uleb128 0xb
 518 0068 49       		.uleb128 0x49
 519 0069 13       		.uleb128 0x13
 520 006a 02       		.uleb128 0x2
 521 006b 18       		.uleb128 0x18
 522 006c 00       		.byte	0
 523 006d 00       		.byte	0
 524 006e 08       		.uleb128 0x8
 525 006f 34       		.uleb128 0x34
 526 0070 00       		.byte	0
 527 0071 03       		.uleb128 0x3
 528 0072 08       		.uleb128 0x8
 529 0073 3A       		.uleb128 0x3a
 530 0074 0B       		.uleb128 0xb
 531 0075 3B       		.uleb128 0x3b
 532 0076 0B       		.uleb128 0xb
 533 0077 49       		.uleb128 0x49
 534 0078 13       		.uleb128 0x13
 535 0079 02       		.uleb128 0x2
 536 007a 18       		.uleb128 0x18
 537 007b 00       		.byte	0
 538 007c 00       		.byte	0
 539 007d 09       		.uleb128 0x9
 540 007e 2E       		.uleb128 0x2e
 541 007f 01       		.byte	0x1
ARM GAS  C:\Users\JOSHU_~1\AppData\Local\Temp\ccuxezzl.s 			page 13


 542 0080 3F       		.uleb128 0x3f
 543 0081 19       		.uleb128 0x19
 544 0082 03       		.uleb128 0x3
 545 0083 0E       		.uleb128 0xe
 546 0084 3A       		.uleb128 0x3a
 547 0085 0B       		.uleb128 0xb
 548 0086 3B       		.uleb128 0x3b
 549 0087 0B       		.uleb128 0xb
 550 0088 49       		.uleb128 0x49
 551 0089 13       		.uleb128 0x13
 552 008a 11       		.uleb128 0x11
 553 008b 01       		.uleb128 0x1
 554 008c 12       		.uleb128 0x12
 555 008d 06       		.uleb128 0x6
 556 008e 40       		.uleb128 0x40
 557 008f 18       		.uleb128 0x18
 558 0090 9642     		.uleb128 0x2116
 559 0092 19       		.uleb128 0x19
 560 0093 01       		.uleb128 0x1
 561 0094 13       		.uleb128 0x13
 562 0095 00       		.byte	0
 563 0096 00       		.byte	0
 564 0097 0A       		.uleb128 0xa
 565 0098 0B       		.uleb128 0xb
 566 0099 01       		.byte	0x1
 567 009a 11       		.uleb128 0x11
 568 009b 01       		.uleb128 0x1
 569 009c 12       		.uleb128 0x12
 570 009d 06       		.uleb128 0x6
 571 009e 00       		.byte	0
 572 009f 00       		.byte	0
 573 00a0 0B       		.uleb128 0xb
 574 00a1 01       		.uleb128 0x1
 575 00a2 01       		.byte	0x1
 576 00a3 49       		.uleb128 0x49
 577 00a4 13       		.uleb128 0x13
 578 00a5 01       		.uleb128 0x1
 579 00a6 13       		.uleb128 0x13
 580 00a7 00       		.byte	0
 581 00a8 00       		.byte	0
 582 00a9 0C       		.uleb128 0xc
 583 00aa 21       		.uleb128 0x21
 584 00ab 00       		.byte	0
 585 00ac 49       		.uleb128 0x49
 586 00ad 13       		.uleb128 0x13
 587 00ae 2F       		.uleb128 0x2f
 588 00af 05       		.uleb128 0x5
 589 00b0 00       		.byte	0
 590 00b1 00       		.byte	0
 591 00b2 0D       		.uleb128 0xd
 592 00b3 34       		.uleb128 0x34
 593 00b4 00       		.byte	0
 594 00b5 03       		.uleb128 0x3
 595 00b6 0E       		.uleb128 0xe
 596 00b7 3A       		.uleb128 0x3a
 597 00b8 0B       		.uleb128 0xb
 598 00b9 3B       		.uleb128 0x3b
ARM GAS  C:\Users\JOSHU_~1\AppData\Local\Temp\ccuxezzl.s 			page 14


 599 00ba 05       		.uleb128 0x5
 600 00bb 49       		.uleb128 0x49
 601 00bc 13       		.uleb128 0x13
 602 00bd 3F       		.uleb128 0x3f
 603 00be 19       		.uleb128 0x19
 604 00bf 3C       		.uleb128 0x3c
 605 00c0 19       		.uleb128 0x19
 606 00c1 00       		.byte	0
 607 00c2 00       		.byte	0
 608 00c3 0E       		.uleb128 0xe
 609 00c4 35       		.uleb128 0x35
 610 00c5 00       		.byte	0
 611 00c6 49       		.uleb128 0x49
 612 00c7 13       		.uleb128 0x13
 613 00c8 00       		.byte	0
 614 00c9 00       		.byte	0
 615 00ca 0F       		.uleb128 0xf
 616 00cb 34       		.uleb128 0x34
 617 00cc 00       		.byte	0
 618 00cd 03       		.uleb128 0x3
 619 00ce 0E       		.uleb128 0xe
 620 00cf 3A       		.uleb128 0x3a
 621 00d0 0B       		.uleb128 0xb
 622 00d1 3B       		.uleb128 0x3b
 623 00d2 0B       		.uleb128 0xb
 624 00d3 49       		.uleb128 0x49
 625 00d4 13       		.uleb128 0x13
 626 00d5 3F       		.uleb128 0x3f
 627 00d6 19       		.uleb128 0x19
 628 00d7 02       		.uleb128 0x2
 629 00d8 18       		.uleb128 0x18
 630 00d9 00       		.byte	0
 631 00da 00       		.byte	0
 632 00db 00       		.byte	0
 633              		.section	.debug_aranges,"",%progbits
 634 0000 24000000 		.4byte	0x24
 635 0004 0200     		.2byte	0x2
 636 0006 00000000 		.4byte	.Ldebug_info0
 637 000a 04       		.byte	0x4
 638 000b 00       		.byte	0
 639 000c 0000     		.2byte	0
 640 000e 0000     		.2byte	0
 641 0010 00000000 		.4byte	.LFB63
 642 0014 5C000000 		.4byte	.LFE63-.LFB63
 643 0018 00000000 		.4byte	.LFB64
 644 001c 94000000 		.4byte	.LFE64-.LFB64
 645 0020 00000000 		.4byte	0
 646 0024 00000000 		.4byte	0
 647              		.section	.debug_ranges,"",%progbits
 648              	.Ldebug_ranges0:
 649 0000 00000000 		.4byte	.LFB63
 650 0004 5C000000 		.4byte	.LFE63
 651 0008 00000000 		.4byte	.LFB64
 652 000c 94000000 		.4byte	.LFE64
 653 0010 00000000 		.4byte	0
 654 0014 00000000 		.4byte	0
 655              		.section	.debug_line,"",%progbits
ARM GAS  C:\Users\JOSHU_~1\AppData\Local\Temp\ccuxezzl.s 			page 15


 656              	.Ldebug_line0:
 657 0000 8D010000 		.section	.debug_str,"MS",%progbits,1
 657      02003F01 
 657      00000201 
 657      FB0E0D00 
 657      01010101 
 658              	.LASF26:
 659 0000 474E5520 		.ascii	"GNU C11 5.4.1 20160609 (release) [ARM/embedded-5-br"
 659      43313120 
 659      352E342E 
 659      31203230 
 659      31363036 
 660 0033 616E6368 		.ascii	"anch revision 237715] -mcpu=cortex-m3 -mthumb -g -O"
 660      20726576 
 660      6973696F 
 660      6E203233 
 660      37373135 
 661 0066 30202D66 		.ascii	"0 -ffunction-sections -ffat-lto-objects\000"
 661      66756E63 
 661      74696F6E 
 661      2D736563 
 661      74696F6E 
 662              	.LASF22:
 663 008e 62756666 		.ascii	"buffer_count\000"
 663      65725F63 
 663      6F756E74 
 663      00
 664              	.LASF5:
 665 009b 5F5F696E 		.ascii	"__int32_t\000"
 665      7433325F 
 665      7400
 666              	.LASF25:
 667 00a5 70657269 		.ascii	"period\000"
 667      6F6400
 668              	.LASF18:
 669 00ac 70657263 		.ascii	"perc\000"
 669      00
 670              	.LASF19:
 671 00b1 77726974 		.ascii	"writeMS\000"
 671      654D5300 
 672              	.LASF13:
 673 00b9 666C6F61 		.ascii	"float\000"
 673      7400
 674              	.LASF23:
 675 00bf 6D6C7470 		.ascii	"mltplr\000"
 675      6C7200
 676              	.LASF1:
 677 00c6 756E7369 		.ascii	"unsigned char\000"
 677      676E6564 
 677      20636861 
 677      7200
 678              	.LASF7:
 679 00d4 6C6F6E67 		.ascii	"long unsigned int\000"
 679      20756E73 
 679      69676E65 
 679      6420696E 
 679      7400
ARM GAS  C:\Users\JOSHU_~1\AppData\Local\Temp\ccuxezzl.s 			page 16


 680              	.LASF3:
 681 00e6 73686F72 		.ascii	"short unsigned int\000"
 681      7420756E 
 681      7369676E 
 681      65642069 
 681      6E7400
 682              	.LASF24:
 683 00f9 49544D5F 		.ascii	"ITM_RxBuffer\000"
 683      52784275 
 683      66666572 
 683      00
 684              	.LASF4:
 685 0106 5F5F7569 		.ascii	"__uint16_t\000"
 685      6E743136 
 685      5F7400
 686              	.LASF14:
 687 0111 646F7562 		.ascii	"double\000"
 687      6C6500
 688              	.LASF20:
 689 0118 6D61696E 		.ascii	"main\000"
 689      00
 690              	.LASF10:
 691 011d 756E7369 		.ascii	"unsigned int\000"
 691      676E6564 
 691      20696E74 
 691      00
 692              	.LASF9:
 693 012a 6C6F6E67 		.ascii	"long long unsigned int\000"
 693      206C6F6E 
 693      6720756E 
 693      7369676E 
 693      65642069 
 694              	.LASF12:
 695 0141 696E7433 		.ascii	"int32_t\000"
 695      325F7400 
 696              	.LASF17:
 697 0149 73697A65 		.ascii	"sizetype\000"
 697      74797065 
 697      00
 698              	.LASF8:
 699 0152 6C6F6E67 		.ascii	"long long int\000"
 699      206C6F6E 
 699      6720696E 
 699      7400
 700              	.LASF27:
 701 0160 6D61696E 		.ascii	"main.c\000"
 701      2E6300
 702              	.LASF15:
 703 0167 63686172 		.ascii	"char\000"
 703      00
 704              	.LASF28:
 705 016c 433A5C73 		.ascii	"C:\\school\\me135\\PSOC\\VESC_Serial_PWM.cydsn\000"
 705      63686F6F 
 705      6C5C6D65 
 705      3133355C 
 705      50534F43 
 706              	.LASF2:
ARM GAS  C:\Users\JOSHU_~1\AppData\Local\Temp\ccuxezzl.s 			page 17


 707 0197 73686F72 		.ascii	"short int\000"
 707      7420696E 
 707      7400
 708              	.LASF21:
 709 01a1 62756666 		.ascii	"buffer\000"
 709      657200
 710              	.LASF11:
 711 01a8 75696E74 		.ascii	"uint16_t\000"
 711      31365F74 
 711      00
 712              	.LASF6:
 713 01b1 6C6F6E67 		.ascii	"long int\000"
 713      20696E74 
 713      00
 714              	.LASF16:
 715 01ba 6C6F6E67 		.ascii	"long double\000"
 715      20646F75 
 715      626C6500 
 716              	.LASF0:
 717 01c6 7369676E 		.ascii	"signed char\000"
 717      65642063 
 717      68617200 
 718              		.ident	"GCC: (GNU Tools for ARM Embedded Processors) 5.4.1 20160609 (release) [ARM/embedded-5-bran
