ARM GAS  C:\Users\JOSHU_~1\AppData\Local\Temp\ccGT3Sef.s 			page 1


   1              		.syntax unified
   2              		.cpu cortex-m3
   3              		.fpu softvfp
   4              		.eabi_attribute 20, 1
   5              		.eabi_attribute 21, 1
   6              		.eabi_attribute 23, 3
   7              		.eabi_attribute 24, 1
   8              		.eabi_attribute 25, 1
   9              		.eabi_attribute 26, 1
  10              		.eabi_attribute 30, 6
  11              		.eabi_attribute 34, 1
  12              		.eabi_attribute 18, 4
  13              		.thumb
  14              		.syntax unified
  15              		.file	"main.c"
  16              		.text
  17              	.Ltext0:
  18              		.cfi_sections	.debug_frame
  19              		.global	period
  20              		.data
  21              		.align	2
  22              		.type	period, %object
  23              		.size	period, 4
  24              	period:
  25 0000 00001646 		.word	1175846912
  26              		.global	__aeabi_fdiv
  27              		.global	__aeabi_fsub
  28              		.global	__aeabi_fmul
  29              		.global	__aeabi_f2iz
  30              		.section	.text.writeMS,"ax",%progbits
  31              		.align	2
  32              		.global	writeMS
  33              		.thumb
  34              		.thumb_func
  35              		.type	writeMS, %function
  36              	writeMS:
  37              	.LFB63:
  38              		.file 1 "main.c"
   1:main.c        **** /******************************************************************************
   2:main.c        **** * File Name: main.c
   3:main.c        **** *
   4:main.c        **** * Version: 1.10
   5:main.c        **** *
   6:main.c        **** * Description: This is the source code for the Blinking LED code example.
   7:main.c        **** *
   8:main.c        **** * Related Document: CE195352_PSoC_5LP_Blinking_LED.pdf
   9:main.c        **** *
  10:main.c        **** * Hardware Dependency: See CE195352_PSoC_5LP_Blinking_LED.pdf
  11:main.c        **** *
  12:main.c        **** *******************************************************************************
  13:main.c        **** * Copyright (2018), Cypress Semiconductor Corporation. All rights reserved.
  14:main.c        **** *******************************************************************************
  15:main.c        **** * This software, including source code, documentation and related materials
  16:main.c        **** * (“Software”), is owned by Cypress Semiconductor Corporation or one of its
  17:main.c        **** * subsidiaries (“Cypress”) and is protected by and subject to worldwide patent
  18:main.c        **** * protection (United States and foreign), United States copyright laws and
  19:main.c        **** * international treaty provisions. Therefore, you may use this Software only
ARM GAS  C:\Users\JOSHU_~1\AppData\Local\Temp\ccGT3Sef.s 			page 2


  20:main.c        **** * as provided in the license agreement accompanying the software package from
  21:main.c        **** * which you obtained this Software (“EULA”).
  22:main.c        **** *
  23:main.c        **** * If no EULA applies, Cypress hereby grants you a personal, nonexclusive,
  24:main.c        **** * non-transferable license to copy, modify, and compile the Software source
  25:main.c        **** * code solely for use in connection with Cypress’s integrated circuit products.
  26:main.c        **** * Any reproduction, modification, translation, compilation, or representation
  27:main.c        **** * of this Software except as specified above is prohibited without the express
  28:main.c        **** * written permission of Cypress.
  29:main.c        **** *
  30:main.c        **** * Disclaimer: THIS SOFTWARE IS PROVIDED AS-IS, WITH NO WARRANTY OF ANY KIND, 
  31:main.c        **** * EXPRESS OR IMPLIED, INCLUDING, BUT NOT LIMITED TO, NONINFRINGEMENT, IMPLIED 
  32:main.c        **** * WARRANTIES OF MERCHANTABILITY AND FITNESS FOR A PARTICULAR PURPOSE. Cypress 
  33:main.c        **** * reserves the right to make changes to the Software without notice. Cypress 
  34:main.c        **** * does not assume any liability arising out of the application or use of the 
  35:main.c        **** * Software or any product or circuit described in the Software. Cypress does 
  36:main.c        **** * not authorize its products for use in any products where a malfunction or 
  37:main.c        **** * failure of the Cypress product may reasonably be expected to result in 
  38:main.c        **** * significant property damage, injury or death (“High Risk Product”). By 
  39:main.c        **** * including Cypress’s product in a High Risk Product, the manufacturer of such 
  40:main.c        **** * system or application assumes all risk of such use and in doing so agrees to 
  41:main.c        **** * indemnify Cypress against all liability.
  42:main.c        **** *******************************************************************************/
  43:main.c        **** 
  44:main.c        **** #include <project.h>
  45:main.c        **** #include <stdlib.h>
  46:main.c        **** 
  47:main.c        **** /*******************************************************************************
  48:main.c        **** * Function Name: main
  49:main.c        **** ********************************************************************************
  50:main.c        **** *
  51:main.c        **** * Summary:
  52:main.c        **** *  The PWM is configured and started in the PWM_1_Start() function.
  53:main.c        **** *  The firmware then enters an idle loop, leaving control of the project
  54:main.c        **** *  to the fixed function PWM peripheral.
  55:main.c        **** *
  56:main.c        **** * Parameters:
  57:main.c        **** *  None.
  58:main.c        **** *
  59:main.c        **** * Return:
  60:main.c        **** *  None.
  61:main.c        **** *
  62:main.c        **** *******************************************************************************/
  63:main.c        **** float period = 9600;
  64:main.c        **** 
  65:main.c        **** void writeMS(float ms) {
  39              		.loc 1 65 0
  40              		.cfi_startproc
  41              		@ args = 0, pretend = 0, frame = 16
  42              		@ frame_needed = 1, uses_anonymous_args = 0
  43 0000 80B5     		push	{r7, lr}
  44              		.cfi_def_cfa_offset 8
  45              		.cfi_offset 7, -8
  46              		.cfi_offset 14, -4
  47 0002 84B0     		sub	sp, sp, #16
  48              		.cfi_def_cfa_offset 24
  49 0004 00AF     		add	r7, sp, #0
ARM GAS  C:\Users\JOSHU_~1\AppData\Local\Temp\ccGT3Sef.s 			page 3


  50              		.cfi_def_cfa_register 7
  51 0006 7860     		str	r0, [r7, #4]	@ float
  66:main.c        ****     float perc = ms / 20; // 20 ms period
  52              		.loc 1 66 0
  53 0008 1249     		ldr	r1, .L2
  54 000a 7868     		ldr	r0, [r7, #4]	@ float
  55 000c FFF7FEFF 		bl	__aeabi_fdiv
  56 0010 0346     		mov	r3, r0
  57 0012 FB60     		str	r3, [r7, #12]	@ float
  67:main.c        ****     int cmp = (int) ((1 - perc) * period);
  58              		.loc 1 67 0
  59 0014 F968     		ldr	r1, [r7, #12]	@ float
  60 0016 4FF07E50 		mov	r0, #1065353216
  61 001a FFF7FEFF 		bl	__aeabi_fsub
  62 001e 0346     		mov	r3, r0
  63 0020 1A46     		mov	r2, r3
  64 0022 0D4B     		ldr	r3, .L2+4
  65 0024 1B68     		ldr	r3, [r3]	@ float
  66 0026 1946     		mov	r1, r3
  67 0028 1046     		mov	r0, r2
  68 002a FFF7FEFF 		bl	__aeabi_fmul
  69 002e 0346     		mov	r3, r0
  70 0030 1846     		mov	r0, r3
  71 0032 FFF7FEFF 		bl	__aeabi_f2iz
  72 0036 0346     		mov	r3, r0
  73 0038 BB60     		str	r3, [r7, #8]
  68:main.c        ****     PWM_WriteCompare(cmp);
  74              		.loc 1 68 0
  75 003a BB68     		ldr	r3, [r7, #8]
  76 003c 9BB2     		uxth	r3, r3
  77 003e 1846     		mov	r0, r3
  78 0040 FFF7FEFF 		bl	PWM_WriteCompare
  69:main.c        ****     CyDelay(1000);
  79              		.loc 1 69 0
  80 0044 4FF47A70 		mov	r0, #1000
  81 0048 FFF7FEFF 		bl	CyDelay
  70:main.c        **** }
  82              		.loc 1 70 0
  83 004c 00BF     		nop
  84 004e 1037     		adds	r7, r7, #16
  85              		.cfi_def_cfa_offset 8
  86 0050 BD46     		mov	sp, r7
  87              		.cfi_def_cfa_register 13
  88              		@ sp needed
  89 0052 80BD     		pop	{r7, pc}
  90              	.L3:
  91              		.align	2
  92              	.L2:
  93 0054 0000A041 		.word	1101004800
  94 0058 00000000 		.word	period
  95              		.cfi_endproc
  96              	.LFE63:
  97              		.size	writeMS, .-writeMS
  98              		.section	.rodata
  99              		.align	2
 100              	.LC0:
 101 0000 0A00     		.ascii	"\012\000"
ARM GAS  C:\Users\JOSHU_~1\AppData\Local\Temp\ccGT3Sef.s 			page 4


 102              		.section	.text.main,"ax",%progbits
 103              		.align	2
 104              		.global	main
 105              		.thumb
 106              		.thumb_func
 107              		.type	main, %function
 108              	main:
 109              	.LFB64:
  71:main.c        **** 
  72:main.c        **** 
  73:main.c        **** int main()
  74:main.c        **** {
 110              		.loc 1 74 0
 111              		.cfi_startproc
 112              		@ args = 0, pretend = 0, frame = 536
 113              		@ frame_needed = 1, uses_anonymous_args = 0
 114 0000 80B5     		push	{r7, lr}
 115              		.cfi_def_cfa_offset 8
 116              		.cfi_offset 7, -8
 117              		.cfi_offset 14, -4
 118 0002 ADF5067D 		sub	sp, sp, #536
 119              		.cfi_def_cfa_offset 544
 120 0006 00AF     		add	r7, sp, #0
 121              		.cfi_def_cfa_register 7
  75:main.c        ****     CyDelay(1000);
 122              		.loc 1 75 0
 123 0008 4FF47A70 		mov	r0, #1000
 124 000c FFF7FEFF 		bl	CyDelay
  76:main.c        ****     /* Serial */
  77:main.c        ****     CyGlobalIntEnable;
 125              		.loc 1 77 0
 126              		.syntax unified
 127              	@ 77 "main.c" 1
 128 0010 62B6     		CPSIE   i
 129              	@ 0 "" 2
  78:main.c        ****     UART_Start();
 130              		.loc 1 78 0
 131              		.thumb
 132              		.syntax unified
 133 0012 FFF7FEFF 		bl	UART_Start
  79:main.c        ****     int ch; 
  80:main.c        ****     char buffer[512];
  81:main.c        ****     uint16_t buffer_count = 0;
 134              		.loc 1 81 0
 135 0016 0023     		movs	r3, #0
 136 0018 A7F81632 		strh	r3, [r7, #534]	@ movhi
  82:main.c        ****     
  83:main.c        ****     /* PWM */
  84:main.c        ****     PWM_Start();    
 137              		.loc 1 84 0
 138 001c FFF7FEFF 		bl	PWM_Start
  85:main.c        ****     int cmp = 9000;
 139              		.loc 1 85 0
 140 0020 42F22833 		movw	r3, #9000
 141 0024 C7F80C32 		str	r3, [r7, #524]
  86:main.c        ****     int mltplr = 1;
 142              		.loc 1 86 0
ARM GAS  C:\Users\JOSHU_~1\AppData\Local\Temp\ccGT3Sef.s 			page 5


 143 0028 0123     		movs	r3, #1
 144 002a C7F80832 		str	r3, [r7, #520]
 145              	.L9:
  87:main.c        ****     while (1) {
  88:main.c        ****         ch = UART_GetChar(); // returns an int apparently
 146              		.loc 1 88 0
 147 002e FFF7FEFF 		bl	UART_GetChar
 148 0032 0346     		mov	r3, r0
 149 0034 C7F80432 		str	r3, [r7, #516]
  89:main.c        ****         
  90:main.c        ****         if (ch > 0) 
 150              		.loc 1 90 0
 151 0038 D7F80432 		ldr	r3, [r7, #516]
 152 003c 002B     		cmp	r3, #0
 153 003e F6DD     		ble	.L9
  91:main.c        ****         { 
  92:main.c        ****             if (ch == 13) { // if new line pressed
 154              		.loc 1 92 0
 155 0040 D7F80432 		ldr	r3, [r7, #516]
 156 0044 0D2B     		cmp	r3, #13
 157 0046 2FD1     		bne	.L6
  93:main.c        ****                 // Null terminate
  94:main.c        ****                 buffer[buffer_count++] = '\0';
 158              		.loc 1 94 0
 159 0048 B7F81632 		ldrh	r3, [r7, #534]
 160 004c 5A1C     		adds	r2, r3, #1
 161 004e A7F81622 		strh	r2, [r7, #534]	@ movhi
 162 0052 1A46     		mov	r2, r3
 163 0054 3B1D     		adds	r3, r7, #4
 164 0056 0021     		movs	r1, #0
 165 0058 9954     		strb	r1, [r3, r2]
  95:main.c        **** 
  96:main.c        ****                 // Print back what was typed
  97:main.c        ****                 UART_PutString(buffer);
 166              		.loc 1 97 0
 167 005a 3B1D     		adds	r3, r7, #4
 168 005c 1846     		mov	r0, r3
 169 005e FFF7FEFF 		bl	UART_PutString
  98:main.c        ****                 UART_PutStringConst("\n");
 170              		.loc 1 98 0
 171 0062 1E48     		ldr	r0, .L10
 172 0064 FFF7FEFF 		bl	UART_PutString
  99:main.c        **** 
 100:main.c        ****                 // Parse int from buffer
 101:main.c        ****                 cmp = atoi(buffer);
 173              		.loc 1 101 0
 174 0068 3B1D     		adds	r3, r7, #4
 175 006a 1846     		mov	r0, r3
 176 006c FFF7FEFF 		bl	atoi
 177 0070 C7F80C02 		str	r0, [r7, #524]
 178              	.LBB2:
 102:main.c        ****                 
 103:main.c        ****                 // Spin motor:
 104:main.c        ****                 for (int i = 0; i < 1; i++) {
 179              		.loc 1 104 0
 180 0074 0023     		movs	r3, #0
 181 0076 C7F81032 		str	r3, [r7, #528]
ARM GAS  C:\Users\JOSHU_~1\AppData\Local\Temp\ccGT3Sef.s 			page 6


 182 007a 0DE0     		b	.L7
 183              	.L8:
 105:main.c        ****                     PWM_WriteCompare(cmp); 
 184              		.loc 1 105 0 discriminator 3
 185 007c D7F80C32 		ldr	r3, [r7, #524]
 186 0080 9BB2     		uxth	r3, r3
 187 0082 1846     		mov	r0, r3
 188 0084 FFF7FEFF 		bl	PWM_WriteCompare
 106:main.c        ****                     CyDelay(20);
 189              		.loc 1 106 0 discriminator 3
 190 0088 1420     		movs	r0, #20
 191 008a FFF7FEFF 		bl	CyDelay
 104:main.c        ****                     PWM_WriteCompare(cmp); 
 192              		.loc 1 104 0 discriminator 3
 193 008e D7F81032 		ldr	r3, [r7, #528]
 194 0092 0133     		adds	r3, r3, #1
 195 0094 C7F81032 		str	r3, [r7, #528]
 196              	.L7:
 104:main.c        ****                     PWM_WriteCompare(cmp); 
 197              		.loc 1 104 0 is_stmt 0 discriminator 1
 198 0098 D7F81032 		ldr	r3, [r7, #528]
 199 009c 002B     		cmp	r3, #0
 200 009e EDDD     		ble	.L8
 201              	.LBE2:
 107:main.c        ****                 }
 108:main.c        **** 
 109:main.c        ****                 // Reset buffer
 110:main.c        ****                 buffer_count = 0;
 202              		.loc 1 110 0 is_stmt 1
 203 00a0 0023     		movs	r3, #0
 204 00a2 A7F81632 		strh	r3, [r7, #534]	@ movhi
 205 00a6 C2E7     		b	.L9
 206              	.L6:
 111:main.c        ****             }
 112:main.c        ****             else if (ch >= 48 && ch <= 57 && buffer_count < sizeof(buffer) / sizeof(buffer[0]) - 1)
 207              		.loc 1 112 0
 208 00a8 D7F80432 		ldr	r3, [r7, #516]
 209 00ac 2F2B     		cmp	r3, #47
 210 00ae BEDD     		ble	.L9
 211              		.loc 1 112 0 is_stmt 0 discriminator 1
 212 00b0 D7F80432 		ldr	r3, [r7, #516]
 213 00b4 392B     		cmp	r3, #57
 214 00b6 BADC     		bgt	.L9
 215              		.loc 1 112 0 discriminator 2
 216 00b8 B7F81632 		ldrh	r3, [r7, #534]
 217 00bc B3F5FF7F 		cmp	r3, #510
 218 00c0 B5D8     		bhi	.L9
 113:main.c        ****                 // Put character into buffer
 114:main.c        ****                 buffer[buffer_count++] = ch;
 219              		.loc 1 114 0 is_stmt 1
 220 00c2 B7F81632 		ldrh	r3, [r7, #534]
 221 00c6 5A1C     		adds	r2, r3, #1
 222 00c8 A7F81622 		strh	r2, [r7, #534]	@ movhi
 223 00cc 1A46     		mov	r2, r3
 224 00ce D7F80432 		ldr	r3, [r7, #516]
 225 00d2 D9B2     		uxtb	r1, r3
 226 00d4 3B1D     		adds	r3, r7, #4
ARM GAS  C:\Users\JOSHU_~1\AppData\Local\Temp\ccGT3Sef.s 			page 7


 227 00d6 9954     		strb	r1, [r3, r2]
 115:main.c        ****             }
 116:main.c        ****         }
 117:main.c        ****         
 118:main.c        ****         continue;
 119:main.c        ****         
 120:main.c        ****         for (int i = 0; i < 2; i++) {
 121:main.c        ****             PWM_WriteCompare(cmp); 
 122:main.c        ****             CyDelay(100);    
 123:main.c        ****             if (cmp == 9000 && 1==2) {
 124:main.c        ****                 i = 0;
 125:main.c        ****             }
 126:main.c        ****         }
 127:main.c        ****         
 128:main.c        ****         cmp += 1 * mltplr;
 129:main.c        ****         if (cmp >= 9120 || cmp <= 8640) {
 130:main.c        ****             mltplr *= -1;
 131:main.c        ****         }
 132:main.c        ****         /*
 133:main.c        ****         if (cmp == 8800 ) {
 134:main.c        ****             PWM_WriteCompare(cmp); 
 135:main.c        ****             CyDelay(500);
 136:main.c        ****             while (1) {}   
 137:main.c        ****         }
 138:main.c        ****         
 139:main.c        ****        */
 140:main.c        ****     }
 228              		.loc 1 140 0
 229 00d8 A9E7     		b	.L9
 230              	.L11:
 231 00da 00BF     		.align	2
 232              	.L10:
 233 00dc 00000000 		.word	.LC0
 234              		.cfi_endproc
 235              	.LFE64:
 236              		.size	main, .-main
 237              		.text
 238              	.Letext0:
 239              		.file 2 "c:\\program files (x86)\\cypress\\psoc creator\\4.2\\psoc creator\\import\\gnu\\arm\\5.4.
 240              		.file 3 "c:\\program files (x86)\\cypress\\psoc creator\\4.2\\psoc creator\\import\\gnu\\arm\\5.4.
 241              		.file 4 "Generated_Source\\PSoC5/core_cm3.h"
 242              		.section	.debug_info,"",%progbits
 243              	.Ldebug_info0:
 244 0000 9F010000 		.4byte	0x19f
 245 0004 0400     		.2byte	0x4
 246 0006 00000000 		.4byte	.Ldebug_abbrev0
 247 000a 04       		.byte	0x4
 248 000b 01       		.uleb128 0x1
 249 000c 00000000 		.4byte	.LASF26
 250 0010 0C       		.byte	0xc
 251 0011 93010000 		.4byte	.LASF27
 252 0015 1D010000 		.4byte	.LASF28
 253 0019 00000000 		.4byte	.Ldebug_ranges0+0
 254 001d 00000000 		.4byte	0
 255 0021 00000000 		.4byte	.Ldebug_line0
 256 0025 02       		.uleb128 0x2
 257 0026 01       		.byte	0x1
ARM GAS  C:\Users\JOSHU_~1\AppData\Local\Temp\ccGT3Sef.s 			page 8


 258 0027 06       		.byte	0x6
 259 0028 CE010000 		.4byte	.LASF0
 260 002c 02       		.uleb128 0x2
 261 002d 01       		.byte	0x1
 262 002e 08       		.byte	0x8
 263 002f C6000000 		.4byte	.LASF1
 264 0033 02       		.uleb128 0x2
 265 0034 02       		.byte	0x2
 266 0035 05       		.byte	0x5
 267 0036 9F010000 		.4byte	.LASF2
 268 003a 03       		.uleb128 0x3
 269 003b 06010000 		.4byte	.LASF4
 270 003f 02       		.byte	0x2
 271 0040 2B       		.byte	0x2b
 272 0041 45000000 		.4byte	0x45
 273 0045 02       		.uleb128 0x2
 274 0046 02       		.byte	0x2
 275 0047 07       		.byte	0x7
 276 0048 E6000000 		.4byte	.LASF3
 277 004c 03       		.uleb128 0x3
 278 004d 9B000000 		.4byte	.LASF5
 279 0051 02       		.byte	0x2
 280 0052 3F       		.byte	0x3f
 281 0053 57000000 		.4byte	0x57
 282 0057 02       		.uleb128 0x2
 283 0058 04       		.byte	0x4
 284 0059 05       		.byte	0x5
 285 005a B9010000 		.4byte	.LASF6
 286 005e 02       		.uleb128 0x2
 287 005f 04       		.byte	0x4
 288 0060 07       		.byte	0x7
 289 0061 D4000000 		.4byte	.LASF7
 290 0065 02       		.uleb128 0x2
 291 0066 08       		.byte	0x8
 292 0067 05       		.byte	0x5
 293 0068 85010000 		.4byte	.LASF8
 294 006c 02       		.uleb128 0x2
 295 006d 08       		.byte	0x8
 296 006e 07       		.byte	0x7
 297 006f 5D010000 		.4byte	.LASF9
 298 0073 04       		.uleb128 0x4
 299 0074 04       		.byte	0x4
 300 0075 05       		.byte	0x5
 301 0076 696E7400 		.ascii	"int\000"
 302 007a 02       		.uleb128 0x2
 303 007b 04       		.byte	0x4
 304 007c 07       		.byte	0x7
 305 007d 50010000 		.4byte	.LASF10
 306 0081 03       		.uleb128 0x3
 307 0082 B0010000 		.4byte	.LASF11
 308 0086 03       		.byte	0x3
 309 0087 24       		.byte	0x24
 310 0088 3A000000 		.4byte	0x3a
 311 008c 03       		.uleb128 0x3
 312 008d 74010000 		.4byte	.LASF12
 313 0091 03       		.byte	0x3
 314 0092 2C       		.byte	0x2c
ARM GAS  C:\Users\JOSHU_~1\AppData\Local\Temp\ccGT3Sef.s 			page 9


 315 0093 4C000000 		.4byte	0x4c
 316 0097 02       		.uleb128 0x2
 317 0098 04       		.byte	0x4
 318 0099 04       		.byte	0x4
 319 009a B9000000 		.4byte	.LASF13
 320 009e 02       		.uleb128 0x2
 321 009f 08       		.byte	0x8
 322 00a0 04       		.byte	0x4
 323 00a1 11010000 		.4byte	.LASF14
 324 00a5 02       		.uleb128 0x2
 325 00a6 01       		.byte	0x1
 326 00a7 08       		.byte	0x8
 327 00a8 9A010000 		.4byte	.LASF15
 328 00ac 02       		.uleb128 0x2
 329 00ad 08       		.byte	0x8
 330 00ae 04       		.byte	0x4
 331 00af C2010000 		.4byte	.LASF16
 332 00b3 02       		.uleb128 0x2
 333 00b4 04       		.byte	0x4
 334 00b5 07       		.byte	0x7
 335 00b6 7C010000 		.4byte	.LASF17
 336 00ba 05       		.uleb128 0x5
 337 00bb B1000000 		.4byte	.LASF19
 338 00bf 01       		.byte	0x1
 339 00c0 41       		.byte	0x41
 340 00c1 00000000 		.4byte	.LFB63
 341 00c5 5C000000 		.4byte	.LFE63-.LFB63
 342 00c9 01       		.uleb128 0x1
 343 00ca 9C       		.byte	0x9c
 344 00cb F9000000 		.4byte	0xf9
 345 00cf 06       		.uleb128 0x6
 346 00d0 6D7300   		.ascii	"ms\000"
 347 00d3 01       		.byte	0x1
 348 00d4 41       		.byte	0x41
 349 00d5 97000000 		.4byte	0x97
 350 00d9 02       		.uleb128 0x2
 351 00da 91       		.byte	0x91
 352 00db 6C       		.sleb128 -20
 353 00dc 07       		.uleb128 0x7
 354 00dd AC000000 		.4byte	.LASF18
 355 00e1 01       		.byte	0x1
 356 00e2 42       		.byte	0x42
 357 00e3 97000000 		.4byte	0x97
 358 00e7 02       		.uleb128 0x2
 359 00e8 91       		.byte	0x91
 360 00e9 74       		.sleb128 -12
 361 00ea 08       		.uleb128 0x8
 362 00eb 636D7000 		.ascii	"cmp\000"
 363 00ef 01       		.byte	0x1
 364 00f0 43       		.byte	0x43
 365 00f1 73000000 		.4byte	0x73
 366 00f5 02       		.uleb128 0x2
 367 00f6 91       		.byte	0x91
 368 00f7 70       		.sleb128 -16
 369 00f8 00       		.byte	0
 370 00f9 09       		.uleb128 0x9
 371 00fa 18010000 		.4byte	.LASF20
ARM GAS  C:\Users\JOSHU_~1\AppData\Local\Temp\ccGT3Sef.s 			page 10


 372 00fe 01       		.byte	0x1
 373 00ff 49       		.byte	0x49
 374 0100 73000000 		.4byte	0x73
 375 0104 00000000 		.4byte	.LFB64
 376 0108 E0000000 		.4byte	.LFE64-.LFB64
 377 010c 01       		.uleb128 0x1
 378 010d 9C       		.byte	0x9c
 379 010e 6F010000 		.4byte	0x16f
 380 0112 08       		.uleb128 0x8
 381 0113 636800   		.ascii	"ch\000"
 382 0116 01       		.byte	0x1
 383 0117 4F       		.byte	0x4f
 384 0118 73000000 		.4byte	0x73
 385 011c 02       		.uleb128 0x2
 386 011d 91       		.byte	0x91
 387 011e 64       		.sleb128 -28
 388 011f 07       		.uleb128 0x7
 389 0120 A9010000 		.4byte	.LASF21
 390 0124 01       		.byte	0x1
 391 0125 50       		.byte	0x50
 392 0126 6F010000 		.4byte	0x16f
 393 012a 03       		.uleb128 0x3
 394 012b 91       		.byte	0x91
 395 012c E47B     		.sleb128 -540
 396 012e 07       		.uleb128 0x7
 397 012f 8E000000 		.4byte	.LASF22
 398 0133 01       		.byte	0x1
 399 0134 51       		.byte	0x51
 400 0135 81000000 		.4byte	0x81
 401 0139 02       		.uleb128 0x2
 402 013a 91       		.byte	0x91
 403 013b 76       		.sleb128 -10
 404 013c 08       		.uleb128 0x8
 405 013d 636D7000 		.ascii	"cmp\000"
 406 0141 01       		.byte	0x1
 407 0142 55       		.byte	0x55
 408 0143 73000000 		.4byte	0x73
 409 0147 02       		.uleb128 0x2
 410 0148 91       		.byte	0x91
 411 0149 6C       		.sleb128 -20
 412 014a 07       		.uleb128 0x7
 413 014b BF000000 		.4byte	.LASF23
 414 014f 01       		.byte	0x1
 415 0150 56       		.byte	0x56
 416 0151 73000000 		.4byte	0x73
 417 0155 02       		.uleb128 0x2
 418 0156 91       		.byte	0x91
 419 0157 68       		.sleb128 -24
 420 0158 0A       		.uleb128 0xa
 421 0159 74000000 		.4byte	.LBB2
 422 015d 2C000000 		.4byte	.LBE2-.LBB2
 423 0161 08       		.uleb128 0x8
 424 0162 6900     		.ascii	"i\000"
 425 0164 01       		.byte	0x1
 426 0165 68       		.byte	0x68
 427 0166 73000000 		.4byte	0x73
 428 016a 02       		.uleb128 0x2
ARM GAS  C:\Users\JOSHU_~1\AppData\Local\Temp\ccGT3Sef.s 			page 11


 429 016b 91       		.byte	0x91
 430 016c 70       		.sleb128 -16
 431 016d 00       		.byte	0
 432 016e 00       		.byte	0
 433 016f 0B       		.uleb128 0xb
 434 0170 A5000000 		.4byte	0xa5
 435 0174 80010000 		.4byte	0x180
 436 0178 0C       		.uleb128 0xc
 437 0179 B3000000 		.4byte	0xb3
 438 017d FF01     		.2byte	0x1ff
 439 017f 00       		.byte	0
 440 0180 0D       		.uleb128 0xd
 441 0181 F9000000 		.4byte	.LASF24
 442 0185 04       		.byte	0x4
 443 0186 1207     		.2byte	0x712
 444 0188 8C010000 		.4byte	0x18c
 445 018c 0E       		.uleb128 0xe
 446 018d 8C000000 		.4byte	0x8c
 447 0191 0F       		.uleb128 0xf
 448 0192 A5000000 		.4byte	.LASF25
 449 0196 01       		.byte	0x1
 450 0197 3F       		.byte	0x3f
 451 0198 97000000 		.4byte	0x97
 452 019c 05       		.uleb128 0x5
 453 019d 03       		.byte	0x3
 454 019e 00000000 		.4byte	period
 455 01a2 00       		.byte	0
 456              		.section	.debug_abbrev,"",%progbits
 457              	.Ldebug_abbrev0:
 458 0000 01       		.uleb128 0x1
 459 0001 11       		.uleb128 0x11
 460 0002 01       		.byte	0x1
 461 0003 25       		.uleb128 0x25
 462 0004 0E       		.uleb128 0xe
 463 0005 13       		.uleb128 0x13
 464 0006 0B       		.uleb128 0xb
 465 0007 03       		.uleb128 0x3
 466 0008 0E       		.uleb128 0xe
 467 0009 1B       		.uleb128 0x1b
 468 000a 0E       		.uleb128 0xe
 469 000b 55       		.uleb128 0x55
 470 000c 17       		.uleb128 0x17
 471 000d 11       		.uleb128 0x11
 472 000e 01       		.uleb128 0x1
 473 000f 10       		.uleb128 0x10
 474 0010 17       		.uleb128 0x17
 475 0011 00       		.byte	0
 476 0012 00       		.byte	0
 477 0013 02       		.uleb128 0x2
 478 0014 24       		.uleb128 0x24
 479 0015 00       		.byte	0
 480 0016 0B       		.uleb128 0xb
 481 0017 0B       		.uleb128 0xb
 482 0018 3E       		.uleb128 0x3e
 483 0019 0B       		.uleb128 0xb
 484 001a 03       		.uleb128 0x3
 485 001b 0E       		.uleb128 0xe
ARM GAS  C:\Users\JOSHU_~1\AppData\Local\Temp\ccGT3Sef.s 			page 12


 486 001c 00       		.byte	0
 487 001d 00       		.byte	0
 488 001e 03       		.uleb128 0x3
 489 001f 16       		.uleb128 0x16
 490 0020 00       		.byte	0
 491 0021 03       		.uleb128 0x3
 492 0022 0E       		.uleb128 0xe
 493 0023 3A       		.uleb128 0x3a
 494 0024 0B       		.uleb128 0xb
 495 0025 3B       		.uleb128 0x3b
 496 0026 0B       		.uleb128 0xb
 497 0027 49       		.uleb128 0x49
 498 0028 13       		.uleb128 0x13
 499 0029 00       		.byte	0
 500 002a 00       		.byte	0
 501 002b 04       		.uleb128 0x4
 502 002c 24       		.uleb128 0x24
 503 002d 00       		.byte	0
 504 002e 0B       		.uleb128 0xb
 505 002f 0B       		.uleb128 0xb
 506 0030 3E       		.uleb128 0x3e
 507 0031 0B       		.uleb128 0xb
 508 0032 03       		.uleb128 0x3
 509 0033 08       		.uleb128 0x8
 510 0034 00       		.byte	0
 511 0035 00       		.byte	0
 512 0036 05       		.uleb128 0x5
 513 0037 2E       		.uleb128 0x2e
 514 0038 01       		.byte	0x1
 515 0039 3F       		.uleb128 0x3f
 516 003a 19       		.uleb128 0x19
 517 003b 03       		.uleb128 0x3
 518 003c 0E       		.uleb128 0xe
 519 003d 3A       		.uleb128 0x3a
 520 003e 0B       		.uleb128 0xb
 521 003f 3B       		.uleb128 0x3b
 522 0040 0B       		.uleb128 0xb
 523 0041 27       		.uleb128 0x27
 524 0042 19       		.uleb128 0x19
 525 0043 11       		.uleb128 0x11
 526 0044 01       		.uleb128 0x1
 527 0045 12       		.uleb128 0x12
 528 0046 06       		.uleb128 0x6
 529 0047 40       		.uleb128 0x40
 530 0048 18       		.uleb128 0x18
 531 0049 9642     		.uleb128 0x2116
 532 004b 19       		.uleb128 0x19
 533 004c 01       		.uleb128 0x1
 534 004d 13       		.uleb128 0x13
 535 004e 00       		.byte	0
 536 004f 00       		.byte	0
 537 0050 06       		.uleb128 0x6
 538 0051 05       		.uleb128 0x5
 539 0052 00       		.byte	0
 540 0053 03       		.uleb128 0x3
 541 0054 08       		.uleb128 0x8
 542 0055 3A       		.uleb128 0x3a
ARM GAS  C:\Users\JOSHU_~1\AppData\Local\Temp\ccGT3Sef.s 			page 13


 543 0056 0B       		.uleb128 0xb
 544 0057 3B       		.uleb128 0x3b
 545 0058 0B       		.uleb128 0xb
 546 0059 49       		.uleb128 0x49
 547 005a 13       		.uleb128 0x13
 548 005b 02       		.uleb128 0x2
 549 005c 18       		.uleb128 0x18
 550 005d 00       		.byte	0
 551 005e 00       		.byte	0
 552 005f 07       		.uleb128 0x7
 553 0060 34       		.uleb128 0x34
 554 0061 00       		.byte	0
 555 0062 03       		.uleb128 0x3
 556 0063 0E       		.uleb128 0xe
 557 0064 3A       		.uleb128 0x3a
 558 0065 0B       		.uleb128 0xb
 559 0066 3B       		.uleb128 0x3b
 560 0067 0B       		.uleb128 0xb
 561 0068 49       		.uleb128 0x49
 562 0069 13       		.uleb128 0x13
 563 006a 02       		.uleb128 0x2
 564 006b 18       		.uleb128 0x18
 565 006c 00       		.byte	0
 566 006d 00       		.byte	0
 567 006e 08       		.uleb128 0x8
 568 006f 34       		.uleb128 0x34
 569 0070 00       		.byte	0
 570 0071 03       		.uleb128 0x3
 571 0072 08       		.uleb128 0x8
 572 0073 3A       		.uleb128 0x3a
 573 0074 0B       		.uleb128 0xb
 574 0075 3B       		.uleb128 0x3b
 575 0076 0B       		.uleb128 0xb
 576 0077 49       		.uleb128 0x49
 577 0078 13       		.uleb128 0x13
 578 0079 02       		.uleb128 0x2
 579 007a 18       		.uleb128 0x18
 580 007b 00       		.byte	0
 581 007c 00       		.byte	0
 582 007d 09       		.uleb128 0x9
 583 007e 2E       		.uleb128 0x2e
 584 007f 01       		.byte	0x1
 585 0080 3F       		.uleb128 0x3f
 586 0081 19       		.uleb128 0x19
 587 0082 03       		.uleb128 0x3
 588 0083 0E       		.uleb128 0xe
 589 0084 3A       		.uleb128 0x3a
 590 0085 0B       		.uleb128 0xb
 591 0086 3B       		.uleb128 0x3b
 592 0087 0B       		.uleb128 0xb
 593 0088 49       		.uleb128 0x49
 594 0089 13       		.uleb128 0x13
 595 008a 11       		.uleb128 0x11
 596 008b 01       		.uleb128 0x1
 597 008c 12       		.uleb128 0x12
 598 008d 06       		.uleb128 0x6
 599 008e 40       		.uleb128 0x40
ARM GAS  C:\Users\JOSHU_~1\AppData\Local\Temp\ccGT3Sef.s 			page 14


 600 008f 18       		.uleb128 0x18
 601 0090 9642     		.uleb128 0x2116
 602 0092 19       		.uleb128 0x19
 603 0093 01       		.uleb128 0x1
 604 0094 13       		.uleb128 0x13
 605 0095 00       		.byte	0
 606 0096 00       		.byte	0
 607 0097 0A       		.uleb128 0xa
 608 0098 0B       		.uleb128 0xb
 609 0099 01       		.byte	0x1
 610 009a 11       		.uleb128 0x11
 611 009b 01       		.uleb128 0x1
 612 009c 12       		.uleb128 0x12
 613 009d 06       		.uleb128 0x6
 614 009e 00       		.byte	0
 615 009f 00       		.byte	0
 616 00a0 0B       		.uleb128 0xb
 617 00a1 01       		.uleb128 0x1
 618 00a2 01       		.byte	0x1
 619 00a3 49       		.uleb128 0x49
 620 00a4 13       		.uleb128 0x13
 621 00a5 01       		.uleb128 0x1
 622 00a6 13       		.uleb128 0x13
 623 00a7 00       		.byte	0
 624 00a8 00       		.byte	0
 625 00a9 0C       		.uleb128 0xc
 626 00aa 21       		.uleb128 0x21
 627 00ab 00       		.byte	0
 628 00ac 49       		.uleb128 0x49
 629 00ad 13       		.uleb128 0x13
 630 00ae 2F       		.uleb128 0x2f
 631 00af 05       		.uleb128 0x5
 632 00b0 00       		.byte	0
 633 00b1 00       		.byte	0
 634 00b2 0D       		.uleb128 0xd
 635 00b3 34       		.uleb128 0x34
 636 00b4 00       		.byte	0
 637 00b5 03       		.uleb128 0x3
 638 00b6 0E       		.uleb128 0xe
 639 00b7 3A       		.uleb128 0x3a
 640 00b8 0B       		.uleb128 0xb
 641 00b9 3B       		.uleb128 0x3b
 642 00ba 05       		.uleb128 0x5
 643 00bb 49       		.uleb128 0x49
 644 00bc 13       		.uleb128 0x13
 645 00bd 3F       		.uleb128 0x3f
 646 00be 19       		.uleb128 0x19
 647 00bf 3C       		.uleb128 0x3c
 648 00c0 19       		.uleb128 0x19
 649 00c1 00       		.byte	0
 650 00c2 00       		.byte	0
 651 00c3 0E       		.uleb128 0xe
 652 00c4 35       		.uleb128 0x35
 653 00c5 00       		.byte	0
 654 00c6 49       		.uleb128 0x49
 655 00c7 13       		.uleb128 0x13
 656 00c8 00       		.byte	0
ARM GAS  C:\Users\JOSHU_~1\AppData\Local\Temp\ccGT3Sef.s 			page 15


 657 00c9 00       		.byte	0
 658 00ca 0F       		.uleb128 0xf
 659 00cb 34       		.uleb128 0x34
 660 00cc 00       		.byte	0
 661 00cd 03       		.uleb128 0x3
 662 00ce 0E       		.uleb128 0xe
 663 00cf 3A       		.uleb128 0x3a
 664 00d0 0B       		.uleb128 0xb
 665 00d1 3B       		.uleb128 0x3b
 666 00d2 0B       		.uleb128 0xb
 667 00d3 49       		.uleb128 0x49
 668 00d4 13       		.uleb128 0x13
 669 00d5 3F       		.uleb128 0x3f
 670 00d6 19       		.uleb128 0x19
 671 00d7 02       		.uleb128 0x2
 672 00d8 18       		.uleb128 0x18
 673 00d9 00       		.byte	0
 674 00da 00       		.byte	0
 675 00db 00       		.byte	0
 676              		.section	.debug_aranges,"",%progbits
 677 0000 24000000 		.4byte	0x24
 678 0004 0200     		.2byte	0x2
 679 0006 00000000 		.4byte	.Ldebug_info0
 680 000a 04       		.byte	0x4
 681 000b 00       		.byte	0
 682 000c 0000     		.2byte	0
 683 000e 0000     		.2byte	0
 684 0010 00000000 		.4byte	.LFB63
 685 0014 5C000000 		.4byte	.LFE63-.LFB63
 686 0018 00000000 		.4byte	.LFB64
 687 001c E0000000 		.4byte	.LFE64-.LFB64
 688 0020 00000000 		.4byte	0
 689 0024 00000000 		.4byte	0
 690              		.section	.debug_ranges,"",%progbits
 691              	.Ldebug_ranges0:
 692 0000 00000000 		.4byte	.LFB63
 693 0004 5C000000 		.4byte	.LFE63
 694 0008 00000000 		.4byte	.LFB64
 695 000c E0000000 		.4byte	.LFE64
 696 0010 00000000 		.4byte	0
 697 0014 00000000 		.4byte	0
 698              		.section	.debug_line,"",%progbits
 699              	.Ldebug_line0:
 700 0000 A2010000 		.section	.debug_str,"MS",%progbits,1
 700      02003F01 
 700      00000201 
 700      FB0E0D00 
 700      01010101 
 701              	.LASF26:
 702 0000 474E5520 		.ascii	"GNU C11 5.4.1 20160609 (release) [ARM/embedded-5-br"
 702      43313120 
 702      352E342E 
 702      31203230 
 702      31363036 
 703 0033 616E6368 		.ascii	"anch revision 237715] -mcpu=cortex-m3 -mthumb -g -O"
 703      20726576 
 703      6973696F 
ARM GAS  C:\Users\JOSHU_~1\AppData\Local\Temp\ccGT3Sef.s 			page 16


 703      6E203233 
 703      37373135 
 704 0066 30202D66 		.ascii	"0 -ffunction-sections -ffat-lto-objects\000"
 704      66756E63 
 704      74696F6E 
 704      2D736563 
 704      74696F6E 
 705              	.LASF22:
 706 008e 62756666 		.ascii	"buffer_count\000"
 706      65725F63 
 706      6F756E74 
 706      00
 707              	.LASF5:
 708 009b 5F5F696E 		.ascii	"__int32_t\000"
 708      7433325F 
 708      7400
 709              	.LASF25:
 710 00a5 70657269 		.ascii	"period\000"
 710      6F6400
 711              	.LASF18:
 712 00ac 70657263 		.ascii	"perc\000"
 712      00
 713              	.LASF19:
 714 00b1 77726974 		.ascii	"writeMS\000"
 714      654D5300 
 715              	.LASF13:
 716 00b9 666C6F61 		.ascii	"float\000"
 716      7400
 717              	.LASF23:
 718 00bf 6D6C7470 		.ascii	"mltplr\000"
 718      6C7200
 719              	.LASF1:
 720 00c6 756E7369 		.ascii	"unsigned char\000"
 720      676E6564 
 720      20636861 
 720      7200
 721              	.LASF7:
 722 00d4 6C6F6E67 		.ascii	"long unsigned int\000"
 722      20756E73 
 722      69676E65 
 722      6420696E 
 722      7400
 723              	.LASF3:
 724 00e6 73686F72 		.ascii	"short unsigned int\000"
 724      7420756E 
 724      7369676E 
 724      65642069 
 724      6E7400
 725              	.LASF24:
 726 00f9 49544D5F 		.ascii	"ITM_RxBuffer\000"
 726      52784275 
 726      66666572 
 726      00
 727              	.LASF4:
 728 0106 5F5F7569 		.ascii	"__uint16_t\000"
 728      6E743136 
 728      5F7400
ARM GAS  C:\Users\JOSHU_~1\AppData\Local\Temp\ccGT3Sef.s 			page 17


 729              	.LASF14:
 730 0111 646F7562 		.ascii	"double\000"
 730      6C6500
 731              	.LASF20:
 732 0118 6D61696E 		.ascii	"main\000"
 732      00
 733              	.LASF28:
 734 011d 433A5C73 		.ascii	"C:\\school\\me135\\PSOC\\jelly_cypress_workspace.cy"
 734      63686F6F 
 734      6C5C6D65 
 734      3133355C 
 734      50534F43 
 735 014c 64736E00 		.ascii	"dsn\000"
 736              	.LASF10:
 737 0150 756E7369 		.ascii	"unsigned int\000"
 737      676E6564 
 737      20696E74 
 737      00
 738              	.LASF9:
 739 015d 6C6F6E67 		.ascii	"long long unsigned int\000"
 739      206C6F6E 
 739      6720756E 
 739      7369676E 
 739      65642069 
 740              	.LASF12:
 741 0174 696E7433 		.ascii	"int32_t\000"
 741      325F7400 
 742              	.LASF17:
 743 017c 73697A65 		.ascii	"sizetype\000"
 743      74797065 
 743      00
 744              	.LASF8:
 745 0185 6C6F6E67 		.ascii	"long long int\000"
 745      206C6F6E 
 745      6720696E 
 745      7400
 746              	.LASF27:
 747 0193 6D61696E 		.ascii	"main.c\000"
 747      2E6300
 748              	.LASF15:
 749 019a 63686172 		.ascii	"char\000"
 749      00
 750              	.LASF2:
 751 019f 73686F72 		.ascii	"short int\000"
 751      7420696E 
 751      7400
 752              	.LASF21:
 753 01a9 62756666 		.ascii	"buffer\000"
 753      657200
 754              	.LASF11:
 755 01b0 75696E74 		.ascii	"uint16_t\000"
 755      31365F74 
 755      00
 756              	.LASF6:
 757 01b9 6C6F6E67 		.ascii	"long int\000"
 757      20696E74 
 757      00
ARM GAS  C:\Users\JOSHU_~1\AppData\Local\Temp\ccGT3Sef.s 			page 18


 758              	.LASF16:
 759 01c2 6C6F6E67 		.ascii	"long double\000"
 759      20646F75 
 759      626C6500 
 760              	.LASF0:
 761 01ce 7369676E 		.ascii	"signed char\000"
 761      65642063 
 761      68617200 
 762              		.ident	"GCC: (GNU Tools for ARM Embedded Processors) 5.4.1 20160609 (release) [ARM/embedded-5-bran
