Archive member included to satisfy reference by file (symbol)

.\ARM_GCC_541\Debug\VESC_Serial_PWM.a(CyLib.o)
                              .\ARM_GCC_541\Debug\Cm3Start.o (CyResetStatus)
.\ARM_GCC_541\Debug\VESC_Serial_PWM.a(cyPm.o)
                              .\ARM_GCC_541\Debug\VESC_Serial_PWM.a(CyLib.o) (CyPmReadStatus)
.\ARM_GCC_541\Debug\VESC_Serial_PWM.a(PWM.o)
                              .\ARM_GCC_541\Debug\main.o (PWM_Start)
.\ARM_GCC_541\Debug\VESC_Serial_PWM.a(UART.o)
                              .\ARM_GCC_541\Debug\main.o (UART_Start)
.\ARM_GCC_541\Debug\VESC_Serial_PWM.a(UART_IntClock.o)
                              .\ARM_GCC_541\Debug\VESC_Serial_PWM.a(UART.o) (UART_IntClock_Start)
.\ARM_GCC_541\Debug\VESC_Serial_PWM.a(CyBootAsmGnu.o)
                              .\ARM_GCC_541\Debug\cyfitter_cfg.o (CyDelayCycles)
.\ARM_GCC_541\Debug\VESC_Serial_PWM.a(CyFlash.o)
                              .\ARM_GCC_541\Debug\VESC_Serial_PWM.a(cyPm.o) (CyFlash_SetWaitCycles)
.\ARM_GCC_541\Debug\VESC_Serial_PWM.a(CySpc.o)
                              .\ARM_GCC_541\Debug\VESC_Serial_PWM.a(CyFlash.o) (CySpcStart)
c:/program files (x86)/cypress/psoc creator/4.2/psoc creator/import/gnu/arm/5.4.1/bin/../lib/gcc/arm-none-eabi/5.4.1/armv7-m\libgcc.a(_arm_addsubsf3.o)
                              .\ARM_GCC_541\Debug\main.o (__aeabi_fsub)
c:/program files (x86)/cypress/psoc creator/4.2/psoc creator/import/gnu/arm/5.4.1/bin/../lib/gcc/arm-none-eabi/5.4.1/armv7-m\libgcc.a(_arm_muldivsf3.o)
                              .\ARM_GCC_541\Debug\main.o (__aeabi_fmul)
c:/program files (x86)/cypress/psoc creator/4.2/psoc creator/import/gnu/arm/5.4.1/bin/../lib/gcc/arm-none-eabi/5.4.1/armv7-m\libgcc.a(_arm_fixsfsi.o)
                              .\ARM_GCC_541\Debug\main.o (__aeabi_f2iz)
c:/program files (x86)/cypress/psoc creator/4.2/psoc creator/import/gnu/arm/5.4.1/bin/../lib/gcc/arm-none-eabi/5.4.1/../../../../arm-none-eabi/lib/armv7-m\libg_nano.a(lib_a-errno.o)
                              .\ARM_GCC_541\Debug\Cm3Start.o (__errno)
c:/program files (x86)/cypress/psoc creator/4.2/psoc creator/import/gnu/arm/5.4.1/bin/../lib/gcc/arm-none-eabi/5.4.1/../../../../arm-none-eabi/lib/armv7-m\libg_nano.a(lib_a-exit.o)
                              c:/program files (x86)/cypress/psoc creator/4.2/psoc creator/import/gnu/arm/5.4.1/bin/../lib/gcc/arm-none-eabi/5.4.1/../../../../arm-none-eabi/lib/armv7-m/crt0.o (exit)
c:/program files (x86)/cypress/psoc creator/4.2/psoc creator/import/gnu/arm/5.4.1/bin/../lib/gcc/arm-none-eabi/5.4.1/../../../../arm-none-eabi/lib/armv7-m\libg_nano.a(lib_a-impure.o)
                              c:/program files (x86)/cypress/psoc creator/4.2/psoc creator/import/gnu/arm/5.4.1/bin/../lib/gcc/arm-none-eabi/5.4.1/../../../../arm-none-eabi/lib/armv7-m\libg_nano.a(lib_a-exit.o) (_global_impure_ptr)
c:/program files (x86)/cypress/psoc creator/4.2/psoc creator/import/gnu/arm/5.4.1/bin/../lib/gcc/arm-none-eabi/5.4.1/../../../../arm-none-eabi/lib/armv7-m\libg_nano.a(lib_a-init.o)
                              c:/program files (x86)/cypress/psoc creator/4.2/psoc creator/import/gnu/arm/5.4.1/bin/../lib/gcc/arm-none-eabi/5.4.1/../../../../arm-none-eabi/lib/armv7-m/crt0.o (__libc_init_array)
c:/program files (x86)/cypress/psoc creator/4.2/psoc creator/import/gnu/arm/5.4.1/bin/../lib/gcc/arm-none-eabi/5.4.1/../../../../arm-none-eabi/lib/armv7-m\libg_nano.a(lib_a-memcpy-stub.o)
                              .\ARM_GCC_541\Debug\cyfitter_cfg.o (memcpy)
c:/program files (x86)/cypress/psoc creator/4.2/psoc creator/import/gnu/arm/5.4.1/bin/../lib/gcc/arm-none-eabi/5.4.1/../../../../arm-none-eabi/lib/armv7-m\libg_nano.a(lib_a-memset.o)
                              c:/program files (x86)/cypress/psoc creator/4.2/psoc creator/import/gnu/arm/5.4.1/bin/../lib/gcc/arm-none-eabi/5.4.1/../../../../arm-none-eabi/lib/armv7-m/crt0.o (memset)

Allocating common symbols
Common symbol       size              file

dieTemperature      0x2               .\ARM_GCC_541\Debug\VESC_Serial_PWM.a(CyFlash.o)

Discarded input sections

 .text          0x00000000        0x0 c:/program files (x86)/cypress/psoc creator/4.2/psoc creator/import/gnu/arm/5.4.1/bin/../lib/gcc/arm-none-eabi/5.4.1/armv7-m/crti.o
 .data          0x00000000        0x0 c:/program files (x86)/cypress/psoc creator/4.2/psoc creator/import/gnu/arm/5.4.1/bin/../lib/gcc/arm-none-eabi/5.4.1/armv7-m/crti.o
 .bss           0x00000000        0x0 c:/program files (x86)/cypress/psoc creator/4.2/psoc creator/import/gnu/arm/5.4.1/bin/../lib/gcc/arm-none-eabi/5.4.1/armv7-m/crti.o
 .data          0x00000000        0x4 c:/program files (x86)/cypress/psoc creator/4.2/psoc creator/import/gnu/arm/5.4.1/bin/../lib/gcc/arm-none-eabi/5.4.1/armv7-m/crtbegin.o
 .text          0x00000000       0x74 c:/program files (x86)/cypress/psoc creator/4.2/psoc creator/import/gnu/arm/5.4.1/bin/../lib/gcc/arm-none-eabi/5.4.1/../../../../arm-none-eabi/lib/armv7-m/crt0.o
 .data          0x00000000        0x0 c:/program files (x86)/cypress/psoc creator/4.2/psoc creator/import/gnu/arm/5.4.1/bin/../lib/gcc/arm-none-eabi/5.4.1/../../../../arm-none-eabi/lib/armv7-m/crt0.o
 .bss           0x00000000        0x0 c:/program files (x86)/cypress/psoc creator/4.2/psoc creator/import/gnu/arm/5.4.1/bin/../lib/gcc/arm-none-eabi/5.4.1/../../../../arm-none-eabi/lib/armv7-m/crt0.o
 .ARM.extab     0x00000000        0x0 c:/program files (x86)/cypress/psoc creator/4.2/psoc creator/import/gnu/arm/5.4.1/bin/../lib/gcc/arm-none-eabi/5.4.1/../../../../arm-none-eabi/lib/armv7-m/crt0.o
 .ARM.exidx     0x00000000        0x8 c:/program files (x86)/cypress/psoc creator/4.2/psoc creator/import/gnu/arm/5.4.1/bin/../lib/gcc/arm-none-eabi/5.4.1/../../../../arm-none-eabi/lib/armv7-m/crt0.o
 .text          0x00000000        0x0 .\ARM_GCC_541\Debug\main.o
 .data          0x00000000        0x4 .\ARM_GCC_541\Debug\main.o
 .bss           0x00000000        0x0 .\ARM_GCC_541\Debug\main.o
 .text.writeMS  0x00000000       0x5c .\ARM_GCC_541\Debug\main.o
 .text          0x00000000        0x0 .\ARM_GCC_541\Debug\cyfitter_cfg.o
 .data          0x00000000        0x0 .\ARM_GCC_541\Debug\cyfitter_cfg.o
 .text.CYMEMZERO
                0x00000000       0x1c .\ARM_GCC_541\Debug\cyfitter_cfg.o
 .text.CYCONFIGCPYCODE
                0x00000000       0x20 .\ARM_GCC_541\Debug\cyfitter_cfg.o
 .text.SetAnalogRoutingPumps
                0x00000000       0x28 .\ARM_GCC_541\Debug\cyfitter_cfg.o
 .text          0x00000000        0x0 .\ARM_GCC_541\Debug\cymetadata.o
 .data          0x00000000        0x0 .\ARM_GCC_541\Debug\cymetadata.o
 .bss           0x00000000        0x0 .\ARM_GCC_541\Debug\cymetadata.o
 .text          0x00000000        0x0 .\ARM_GCC_541\Debug\Cm3Start.o
 .data          0x00000000        0x4 .\ARM_GCC_541\Debug\Cm3Start.o
 .bss           0x00000000        0x0 .\ARM_GCC_541\Debug\Cm3Start.o
 .text._exit    0x00000000       0x14 .\ARM_GCC_541\Debug\Cm3Start.o
 .text._sbrk    0x00000000       0x50 .\ARM_GCC_541\Debug\Cm3Start.o
 .text          0x00000000        0x0 .\ARM_GCC_541\Debug\VESC_Serial_PWM.a(CyLib.o)
 .bss           0x00000000       0x19 .\ARM_GCC_541\Debug\VESC_Serial_PWM.a(CyLib.o)
 .text.CyPLL_OUT_Start
                0x00000000       0xb0 .\ARM_GCC_541\Debug\VESC_Serial_PWM.a(CyLib.o)
 .text.CyPLL_OUT_Stop
                0x00000000       0x20 .\ARM_GCC_541\Debug\VESC_Serial_PWM.a(CyLib.o)
 .text.CyPLL_OUT_SetPQ
                0x00000000       0x94 .\ARM_GCC_541\Debug\VESC_Serial_PWM.a(CyLib.o)
 .text.CyPLL_OUT_SetSource
                0x00000000       0x58 .\ARM_GCC_541\Debug\VESC_Serial_PWM.a(CyLib.o)
 .text.CyIMO_Start
                0x00000000       0x94 .\ARM_GCC_541\Debug\VESC_Serial_PWM.a(CyLib.o)
 .text.CyIMO_Stop
                0x00000000       0x34 .\ARM_GCC_541\Debug\VESC_Serial_PWM.a(CyLib.o)
 .text.CyUSB_PowerOnCheck
                0x00000000       0x60 .\ARM_GCC_541\Debug\VESC_Serial_PWM.a(CyLib.o)
 .text.CyIMO_SetTrimValue
                0x00000000      0x108 .\ARM_GCC_541\Debug\VESC_Serial_PWM.a(CyLib.o)
 .text.CyIMO_SetFreq
                0x00000000      0x1b0 .\ARM_GCC_541\Debug\VESC_Serial_PWM.a(CyLib.o)
 .text.CyIMO_SetSource
                0x00000000       0x8c .\ARM_GCC_541\Debug\VESC_Serial_PWM.a(CyLib.o)
 .text.CyIMO_EnableDoubler
                0x00000000       0x20 .\ARM_GCC_541\Debug\VESC_Serial_PWM.a(CyLib.o)
 .text.CyIMO_DisableDoubler
                0x00000000       0x20 .\ARM_GCC_541\Debug\VESC_Serial_PWM.a(CyLib.o)
 .text.CyMasterClk_SetSource
                0x00000000       0x34 .\ARM_GCC_541\Debug\VESC_Serial_PWM.a(CyLib.o)
 .text.CyMasterClk_SetDivider
                0x00000000       0x20 .\ARM_GCC_541\Debug\VESC_Serial_PWM.a(CyLib.o)
 .text.CyBusClk_Internal_SetDivider
                0x00000000       0x78 .\ARM_GCC_541\Debug\VESC_Serial_PWM.a(CyLib.o)
 .text.CyBusClk_SetDivider
                0x00000000       0xb4 .\ARM_GCC_541\Debug\VESC_Serial_PWM.a(CyLib.o)
 .text.CyUsbClk_SetSource
                0x00000000       0x34 .\ARM_GCC_541\Debug\VESC_Serial_PWM.a(CyLib.o)
 .text.CyILO_Start1K
                0x00000000       0x20 .\ARM_GCC_541\Debug\VESC_Serial_PWM.a(CyLib.o)
 .text.CyILO_Stop1K
                0x00000000       0x20 .\ARM_GCC_541\Debug\VESC_Serial_PWM.a(CyLib.o)
 .text.CyILO_Start100K
                0x00000000       0x20 .\ARM_GCC_541\Debug\VESC_Serial_PWM.a(CyLib.o)
 .text.CyILO_Stop100K
                0x00000000       0x20 .\ARM_GCC_541\Debug\VESC_Serial_PWM.a(CyLib.o)
 .text.CyILO_Enable33K
                0x00000000       0x20 .\ARM_GCC_541\Debug\VESC_Serial_PWM.a(CyLib.o)
 .text.CyILO_Disable33K
                0x00000000       0x20 .\ARM_GCC_541\Debug\VESC_Serial_PWM.a(CyLib.o)
 .text.CyILO_SetSource
                0x00000000       0x38 .\ARM_GCC_541\Debug\VESC_Serial_PWM.a(CyLib.o)
 .text.CyILO_SetPowerMode
                0x00000000       0x4c .\ARM_GCC_541\Debug\VESC_Serial_PWM.a(CyLib.o)
 .text.CyXTAL_32KHZ_Start
                0x00000000       0x88 .\ARM_GCC_541\Debug\VESC_Serial_PWM.a(CyLib.o)
 .text.CyXTAL_32KHZ_Stop
                0x00000000       0x50 .\ARM_GCC_541\Debug\VESC_Serial_PWM.a(CyLib.o)
 .text.CyXTAL_32KHZ_ReadStatus
                0x00000000       0x1c .\ARM_GCC_541\Debug\VESC_Serial_PWM.a(CyLib.o)
 .text.CyXTAL_32KHZ_SetPowerMode
                0x00000000       0xb4 .\ARM_GCC_541\Debug\VESC_Serial_PWM.a(CyLib.o)
 .text.CyXTAL_Start
                0x00000000       0xd0 .\ARM_GCC_541\Debug\VESC_Serial_PWM.a(CyLib.o)
 .text.CyXTAL_Stop
                0x00000000       0x20 .\ARM_GCC_541\Debug\VESC_Serial_PWM.a(CyLib.o)
 .text.CyXTAL_EnableErrStatus
                0x00000000       0x20 .\ARM_GCC_541\Debug\VESC_Serial_PWM.a(CyLib.o)
 .text.CyXTAL_DisableErrStatus
                0x00000000       0x20 .\ARM_GCC_541\Debug\VESC_Serial_PWM.a(CyLib.o)
 .text.CyXTAL_ReadStatus
                0x00000000       0x24 .\ARM_GCC_541\Debug\VESC_Serial_PWM.a(CyLib.o)
 .text.CyXTAL_EnableFaultRecovery
                0x00000000       0x20 .\ARM_GCC_541\Debug\VESC_Serial_PWM.a(CyLib.o)
 .text.CyXTAL_DisableFaultRecovery
                0x00000000       0x20 .\ARM_GCC_541\Debug\VESC_Serial_PWM.a(CyLib.o)
 .text.CyXTAL_SetStartup
                0x00000000       0x34 .\ARM_GCC_541\Debug\VESC_Serial_PWM.a(CyLib.o)
 .text.CyXTAL_SetFbVoltage
                0x00000000       0x34 .\ARM_GCC_541\Debug\VESC_Serial_PWM.a(CyLib.o)
 .text.CyXTAL_SetWdVoltage
                0x00000000       0x38 .\ARM_GCC_541\Debug\VESC_Serial_PWM.a(CyLib.o)
 .text.CyHalt   0x00000000       0x18 .\ARM_GCC_541\Debug\VESC_Serial_PWM.a(CyLib.o)
 .text.CySoftwareReset
                0x00000000       0x20 .\ARM_GCC_541\Debug\VESC_Serial_PWM.a(CyLib.o)
 .text.CyDelayUs
                0x00000000       0x28 .\ARM_GCC_541\Debug\VESC_Serial_PWM.a(CyLib.o)
 .text.CyDelayFreq
                0x00000000       0x7c .\ARM_GCC_541\Debug\VESC_Serial_PWM.a(CyLib.o)
 .text.CyWdtStart
                0x00000000       0x8c .\ARM_GCC_541\Debug\VESC_Serial_PWM.a(CyLib.o)
 .text.CyWdtClear
                0x00000000       0x18 .\ARM_GCC_541\Debug\VESC_Serial_PWM.a(CyLib.o)
 .text.CyVdLvDigitEnable
                0x00000000       0xcc .\ARM_GCC_541\Debug\VESC_Serial_PWM.a(CyLib.o)
 .text.CyVdLvAnalogEnable
                0x00000000       0xcc .\ARM_GCC_541\Debug\VESC_Serial_PWM.a(CyLib.o)
 .text.CyVdLvDigitDisable
                0x00000000       0x48 .\ARM_GCC_541\Debug\VESC_Serial_PWM.a(CyLib.o)
 .text.CyVdLvAnalogDisable
                0x00000000       0x44 .\ARM_GCC_541\Debug\VESC_Serial_PWM.a(CyLib.o)
 .text.CyVdHvAnalogEnable
                0x00000000       0x7c .\ARM_GCC_541\Debug\VESC_Serial_PWM.a(CyLib.o)
 .text.CyVdHvAnalogDisable
                0x00000000       0x30 .\ARM_GCC_541\Debug\VESC_Serial_PWM.a(CyLib.o)
 .text.CyVdStickyStatus
                0x00000000       0x5c .\ARM_GCC_541\Debug\VESC_Serial_PWM.a(CyLib.o)
 .text.CyVdRealTimeStatus
                0x00000000       0x30 .\ARM_GCC_541\Debug\VESC_Serial_PWM.a(CyLib.o)
 .text.CyDisableInts
                0x00000000       0x34 .\ARM_GCC_541\Debug\VESC_Serial_PWM.a(CyLib.o)
 .text.CyEnableInts
                0x00000000       0x2c .\ARM_GCC_541\Debug\VESC_Serial_PWM.a(CyLib.o)
 .text.CyFlushCache
                0x00000000       0x5c .\ARM_GCC_541\Debug\VESC_Serial_PWM.a(CyLib.o)
 .text.CyIntSetSysVector
                0x00000000       0x4c .\ARM_GCC_541\Debug\VESC_Serial_PWM.a(CyLib.o)
 .text.CyIntGetSysVector
                0x00000000       0x38 .\ARM_GCC_541\Debug\VESC_Serial_PWM.a(CyLib.o)
 .text.CyIntSetVector
                0x00000000       0x50 .\ARM_GCC_541\Debug\VESC_Serial_PWM.a(CyLib.o)
 .text.CyIntGetVector
                0x00000000       0x38 .\ARM_GCC_541\Debug\VESC_Serial_PWM.a(CyLib.o)
 .text.CyIntSetPriority
                0x00000000       0x48 .\ARM_GCC_541\Debug\VESC_Serial_PWM.a(CyLib.o)
 .text.CyIntGetPriority
                0x00000000       0x38 .\ARM_GCC_541\Debug\VESC_Serial_PWM.a(CyLib.o)
 .text.CyIntGetState
                0x00000000       0x44 .\ARM_GCC_541\Debug\VESC_Serial_PWM.a(CyLib.o)
 .text.CySysTickStart
                0x00000000       0x24 .\ARM_GCC_541\Debug\VESC_Serial_PWM.a(CyLib.o)
 .text.CySysTickInit
                0x00000000       0x6c .\ARM_GCC_541\Debug\VESC_Serial_PWM.a(CyLib.o)
 .text.CySysTickEnable
                0x00000000       0x1c .\ARM_GCC_541\Debug\VESC_Serial_PWM.a(CyLib.o)
 .text.CySysTickStop
                0x00000000       0x1c .\ARM_GCC_541\Debug\VESC_Serial_PWM.a(CyLib.o)
 .text.CySysTickEnableInterrupt
                0x00000000       0x1c .\ARM_GCC_541\Debug\VESC_Serial_PWM.a(CyLib.o)
 .text.CySysTickDisableInterrupt
                0x00000000       0x1c .\ARM_GCC_541\Debug\VESC_Serial_PWM.a(CyLib.o)
 .text.CySysTickSetReload
                0x00000000       0x20 .\ARM_GCC_541\Debug\VESC_Serial_PWM.a(CyLib.o)
 .text.CySysTickGetReload
                0x00000000       0x18 .\ARM_GCC_541\Debug\VESC_Serial_PWM.a(CyLib.o)
 .text.CySysTickGetValue
                0x00000000       0x18 .\ARM_GCC_541\Debug\VESC_Serial_PWM.a(CyLib.o)
 .text.CySysTickSetClockSource
                0x00000000       0x38 .\ARM_GCC_541\Debug\VESC_Serial_PWM.a(CyLib.o)
 .text.CySysTickGetClockSource
                0x00000000       0x1c .\ARM_GCC_541\Debug\VESC_Serial_PWM.a(CyLib.o)
 .text.CySysTickGetCountFlag
                0x00000000       0x1c .\ARM_GCC_541\Debug\VESC_Serial_PWM.a(CyLib.o)
 .text.CySysTickClear
                0x00000000       0x18 .\ARM_GCC_541\Debug\VESC_Serial_PWM.a(CyLib.o)
 .text.CySysTickSetCallback
                0x00000000       0x30 .\ARM_GCC_541\Debug\VESC_Serial_PWM.a(CyLib.o)
 .text.CySysTickGetCallback
                0x00000000       0x20 .\ARM_GCC_541\Debug\VESC_Serial_PWM.a(CyLib.o)
 .text.CySysTickServiceCallbacks
                0x00000000       0x44 .\ARM_GCC_541\Debug\VESC_Serial_PWM.a(CyLib.o)
 .text.CyGetUniqueId
                0x00000000       0xc4 .\ARM_GCC_541\Debug\VESC_Serial_PWM.a(CyLib.o)
 .text          0x00000000        0x0 .\ARM_GCC_541\Debug\VESC_Serial_PWM.a(cyPm.o)
 .data          0x00000000        0x0 .\ARM_GCC_541\Debug\VESC_Serial_PWM.a(cyPm.o)
 .bss           0x00000000       0x43 .\ARM_GCC_541\Debug\VESC_Serial_PWM.a(cyPm.o)
 .rodata        0x00000000        0xf .\ARM_GCC_541\Debug\VESC_Serial_PWM.a(cyPm.o)
 .text.CyPmSaveClocks
                0x00000000      0x288 .\ARM_GCC_541\Debug\VESC_Serial_PWM.a(cyPm.o)
 .text.CyPmRestoreClocks
                0x00000000      0x2f0 .\ARM_GCC_541\Debug\VESC_Serial_PWM.a(cyPm.o)
 .text.CyPmAltAct
                0x00000000       0xbc .\ARM_GCC_541\Debug\VESC_Serial_PWM.a(cyPm.o)
 .text.CyPmSleep
                0x00000000      0x170 .\ARM_GCC_541\Debug\VESC_Serial_PWM.a(cyPm.o)
 .text.CyPmHibernate
                0x00000000       0x10 .\ARM_GCC_541\Debug\VESC_Serial_PWM.a(cyPm.o)
 .text.CyPmHibernateEx
                0x00000000      0x158 .\ARM_GCC_541\Debug\VESC_Serial_PWM.a(cyPm.o)
 .text.CyPmReadStatus
                0x00000000       0x5c .\ARM_GCC_541\Debug\VESC_Serial_PWM.a(cyPm.o)
 .text.CyPmHibSaveSet
                0x00000000       0xe8 .\ARM_GCC_541\Debug\VESC_Serial_PWM.a(cyPm.o)
 .text.CyPmHibRestore
                0x00000000       0x78 .\ARM_GCC_541\Debug\VESC_Serial_PWM.a(cyPm.o)
 .text.CyPmCtwSetInterval
                0x00000000       0x94 .\ARM_GCC_541\Debug\VESC_Serial_PWM.a(cyPm.o)
 .text.CyPmOppsSet
                0x00000000       0x44 .\ARM_GCC_541\Debug\VESC_Serial_PWM.a(cyPm.o)
 .text.CyPmFtwSetInterval
                0x00000000       0x94 .\ARM_GCC_541\Debug\VESC_Serial_PWM.a(cyPm.o)
 .text.CyPmHibSlpSaveSet
                0x00000000      0x280 .\ARM_GCC_541\Debug\VESC_Serial_PWM.a(cyPm.o)
 .text.CyPmHibSlpRestore
                0x00000000      0x18c .\ARM_GCC_541\Debug\VESC_Serial_PWM.a(cyPm.o)
 .text.CyPmHviLviSaveDisable
                0x00000000       0xd8 .\ARM_GCC_541\Debug\VESC_Serial_PWM.a(cyPm.o)
 .text.CyPmHviLviRestore
                0x00000000       0x58 .\ARM_GCC_541\Debug\VESC_Serial_PWM.a(cyPm.o)
 .text          0x00000000        0x0 .\ARM_GCC_541\Debug\VESC_Serial_PWM.a(PWM.o)
 .data          0x00000000        0x0 .\ARM_GCC_541\Debug\VESC_Serial_PWM.a(PWM.o)
 .text.PWM_Stop
                0x00000000       0x20 .\ARM_GCC_541\Debug\VESC_Serial_PWM.a(PWM.o)
 .text.PWM_ReadCounter
                0x00000000       0x20 .\ARM_GCC_541\Debug\VESC_Serial_PWM.a(PWM.o)
 .text.PWM_ReadControlRegister
                0x00000000       0x1c .\ARM_GCC_541\Debug\VESC_Serial_PWM.a(PWM.o)
 .text.PWM_WriteControlRegister
                0x00000000       0x20 .\ARM_GCC_541\Debug\VESC_Serial_PWM.a(PWM.o)
 .text.PWM_ReadCapture
                0x00000000       0x18 .\ARM_GCC_541\Debug\VESC_Serial_PWM.a(PWM.o)
 .text.PWM_ReadCompare
                0x00000000       0x18 .\ARM_GCC_541\Debug\VESC_Serial_PWM.a(PWM.o)
 .text.PWM_ReadPeriod
                0x00000000       0x18 .\ARM_GCC_541\Debug\VESC_Serial_PWM.a(PWM.o)
 .text          0x00000000        0x0 .\ARM_GCC_541\Debug\VESC_Serial_PWM.a(UART.o)
 .data          0x00000000        0x0 .\ARM_GCC_541\Debug\VESC_Serial_PWM.a(UART.o)
 .text.UART_Stop
                0x00000000       0x60 .\ARM_GCC_541\Debug\VESC_Serial_PWM.a(UART.o)
 .text.UART_ReadControlRegister
                0x00000000       0x10 .\ARM_GCC_541\Debug\VESC_Serial_PWM.a(UART.o)
 .text.UART_WriteControlRegister
                0x00000000       0x14 .\ARM_GCC_541\Debug\VESC_Serial_PWM.a(UART.o)
 .text.UART_SetRxInterruptMode
                0x00000000       0x20 .\ARM_GCC_541\Debug\VESC_Serial_PWM.a(UART.o)
 .text.UART_ReadRxData
                0x00000000       0x1c .\ARM_GCC_541\Debug\VESC_Serial_PWM.a(UART.o)
 .text.UART_ReadRxStatus
                0x00000000       0x24 .\ARM_GCC_541\Debug\VESC_Serial_PWM.a(UART.o)
 .text.UART_GetByte
                0x00000000       0x20 .\ARM_GCC_541\Debug\VESC_Serial_PWM.a(UART.o)
 .text.UART_GetRxBufferSize
                0x00000000       0x2c .\ARM_GCC_541\Debug\VESC_Serial_PWM.a(UART.o)
 .text.UART_ClearRxBuffer
                0x00000000       0x44 .\ARM_GCC_541\Debug\VESC_Serial_PWM.a(UART.o)
 .text.UART_SetRxAddressMode
                0x00000000       0x14 .\ARM_GCC_541\Debug\VESC_Serial_PWM.a(UART.o)
 .text.UART_SetRxAddress1
                0x00000000       0x20 .\ARM_GCC_541\Debug\VESC_Serial_PWM.a(UART.o)
 .text.UART_SetRxAddress2
                0x00000000       0x20 .\ARM_GCC_541\Debug\VESC_Serial_PWM.a(UART.o)
 .text.UART_SetTxInterruptMode
                0x00000000       0x20 .\ARM_GCC_541\Debug\VESC_Serial_PWM.a(UART.o)
 .text.UART_WriteTxData
                0x00000000       0x2c .\ARM_GCC_541\Debug\VESC_Serial_PWM.a(UART.o)
 .text.UART_ReadTxStatus
                0x00000000       0x18 .\ARM_GCC_541\Debug\VESC_Serial_PWM.a(UART.o)
 .text.UART_PutChar
                0x00000000       0x34 .\ARM_GCC_541\Debug\VESC_Serial_PWM.a(UART.o)
 .text.UART_PutString
                0x00000000       0x44 .\ARM_GCC_541\Debug\VESC_Serial_PWM.a(UART.o)
 .text.UART_PutArray
                0x00000000       0x44 .\ARM_GCC_541\Debug\VESC_Serial_PWM.a(UART.o)
 .text.UART_PutCRLF
                0x00000000       0x34 .\ARM_GCC_541\Debug\VESC_Serial_PWM.a(UART.o)
 .text.UART_GetTxBufferSize
                0x00000000       0x40 .\ARM_GCC_541\Debug\VESC_Serial_PWM.a(UART.o)
 .text.UART_ClearTxBuffer
                0x00000000       0x44 .\ARM_GCC_541\Debug\VESC_Serial_PWM.a(UART.o)
 .text.UART_SendBreak
                0x00000000       0x9c .\ARM_GCC_541\Debug\VESC_Serial_PWM.a(UART.o)
 .text.UART_SetTxAddressMode
                0x00000000       0x14 .\ARM_GCC_541\Debug\VESC_Serial_PWM.a(UART.o)
 .text          0x00000000        0x0 .\ARM_GCC_541\Debug\VESC_Serial_PWM.a(UART_IntClock.o)
 .data          0x00000000        0x0 .\ARM_GCC_541\Debug\VESC_Serial_PWM.a(UART_IntClock.o)
 .bss           0x00000000        0x0 .\ARM_GCC_541\Debug\VESC_Serial_PWM.a(UART_IntClock.o)
 .text.UART_IntClock_Stop
                0x00000000       0x34 .\ARM_GCC_541\Debug\VESC_Serial_PWM.a(UART_IntClock.o)
 .text.UART_IntClock_StopBlock
                0x00000000       0xb0 .\ARM_GCC_541\Debug\VESC_Serial_PWM.a(UART_IntClock.o)
 .text.UART_IntClock_StandbyPower
                0x00000000       0x40 .\ARM_GCC_541\Debug\VESC_Serial_PWM.a(UART_IntClock.o)
 .text.UART_IntClock_SetDividerRegister
                0x00000000      0x164 .\ARM_GCC_541\Debug\VESC_Serial_PWM.a(UART_IntClock.o)
 .text.UART_IntClock_GetDividerRegister
                0x00000000       0x18 .\ARM_GCC_541\Debug\VESC_Serial_PWM.a(UART_IntClock.o)
 .text.UART_IntClock_SetModeRegister
                0x00000000       0x34 .\ARM_GCC_541\Debug\VESC_Serial_PWM.a(UART_IntClock.o)
 .text.UART_IntClock_ClearModeRegister
                0x00000000       0x34 .\ARM_GCC_541\Debug\VESC_Serial_PWM.a(UART_IntClock.o)
 .text.UART_IntClock_GetModeRegister
                0x00000000       0x1c .\ARM_GCC_541\Debug\VESC_Serial_PWM.a(UART_IntClock.o)
 .text.UART_IntClock_SetSourceRegister
                0x00000000       0xc4 .\ARM_GCC_541\Debug\VESC_Serial_PWM.a(UART_IntClock.o)
 .text.UART_IntClock_GetSourceRegister
                0x00000000       0x1c .\ARM_GCC_541\Debug\VESC_Serial_PWM.a(UART_IntClock.o)
 .data          0x00000000        0x0 .\ARM_GCC_541\Debug\VESC_Serial_PWM.a(CyBootAsmGnu.o)
 .bss           0x00000000        0x0 .\ARM_GCC_541\Debug\VESC_Serial_PWM.a(CyBootAsmGnu.o)
 .text          0x00000000        0x0 .\ARM_GCC_541\Debug\VESC_Serial_PWM.a(CyFlash.o)
 .data          0x00000000        0x0 .\ARM_GCC_541\Debug\VESC_Serial_PWM.a(CyFlash.o)
 .bss           0x00000000        0x4 .\ARM_GCC_541\Debug\VESC_Serial_PWM.a(CyFlash.o)
 .text.CyFlash_Start
                0x00000000       0x8c .\ARM_GCC_541\Debug\VESC_Serial_PWM.a(CyFlash.o)
 .text.CyFlash_Stop
                0x00000000       0x48 .\ARM_GCC_541\Debug\VESC_Serial_PWM.a(CyFlash.o)
 .text.CyFlash_EraseRow
                0x00000000       0xb0 .\ARM_GCC_541\Debug\VESC_Serial_PWM.a(CyFlash.o)
 .text.CySetTempInt
                0x00000000       0x7c .\ARM_GCC_541\Debug\VESC_Serial_PWM.a(CyFlash.o)
 .text.CyFlashGetSpcAlgorithm
                0x00000000       0x70 .\ARM_GCC_541\Debug\VESC_Serial_PWM.a(CyFlash.o)
 .text.CySetTemp
                0x00000000       0x24 .\ARM_GCC_541\Debug\VESC_Serial_PWM.a(CyFlash.o)
 .text.CySetFlashEEBuffer
                0x00000000       0x54 .\ARM_GCC_541\Debug\VESC_Serial_PWM.a(CyFlash.o)
 .text.CyWriteRowData
                0x00000000       0x38 .\ARM_GCC_541\Debug\VESC_Serial_PWM.a(CyFlash.o)
 .text.CyWriteRowFull
                0x00000000      0x154 .\ARM_GCC_541\Debug\VESC_Serial_PWM.a(CyFlash.o)
 .text.CyFlash_SetWaitCycles
                0x00000000       0xbc .\ARM_GCC_541\Debug\VESC_Serial_PWM.a(CyFlash.o)
 .text.CyEEPROM_Start
                0x00000000       0x8c .\ARM_GCC_541\Debug\VESC_Serial_PWM.a(CyFlash.o)
 .text.CyEEPROM_Stop
                0x00000000       0x48 .\ARM_GCC_541\Debug\VESC_Serial_PWM.a(CyFlash.o)
 .text.CyEEPROM_ReadReserve
                0x00000000       0x30 .\ARM_GCC_541\Debug\VESC_Serial_PWM.a(CyFlash.o)
 .text.CyEEPROM_ReadRelease
                0x00000000       0x20 .\ARM_GCC_541\Debug\VESC_Serial_PWM.a(CyFlash.o)
 COMMON         0x00000000        0x2 .\ARM_GCC_541\Debug\VESC_Serial_PWM.a(CyFlash.o)
 .text          0x00000000        0x0 .\ARM_GCC_541\Debug\VESC_Serial_PWM.a(CySpc.o)
 .data          0x00000000        0x0 .\ARM_GCC_541\Debug\VESC_Serial_PWM.a(CySpc.o)
 .bss           0x00000000        0x8 .\ARM_GCC_541\Debug\VESC_Serial_PWM.a(CySpc.o)
 .text.CySpcStart
                0x00000000       0x48 .\ARM_GCC_541\Debug\VESC_Serial_PWM.a(CySpc.o)
 .text.CySpcStop
                0x00000000       0x48 .\ARM_GCC_541\Debug\VESC_Serial_PWM.a(CySpc.o)
 .text.CySpcReadData
                0x00000000       0x54 .\ARM_GCC_541\Debug\VESC_Serial_PWM.a(CySpc.o)
 .text.CySpcLoadMultiByte
                0x00000000       0xd0 .\ARM_GCC_541\Debug\VESC_Serial_PWM.a(CySpc.o)
 .text.CySpcLoadRow
                0x00000000       0x88 .\ARM_GCC_541\Debug\VESC_Serial_PWM.a(CySpc.o)
 .text.CySpcLoadRowFull
                0x00000000       0xcc .\ARM_GCC_541\Debug\VESC_Serial_PWM.a(CySpc.o)
 .text.CySpcWriteRow
                0x00000000       0x98 .\ARM_GCC_541\Debug\VESC_Serial_PWM.a(CySpc.o)
 .text.CySpcEraseSector
                0x00000000       0x70 .\ARM_GCC_541\Debug\VESC_Serial_PWM.a(CySpc.o)
 .text.CySpcEraseRow
                0x00000000       0x98 .\ARM_GCC_541\Debug\VESC_Serial_PWM.a(CySpc.o)
 .text.CySpcGetTemp
                0x00000000       0x64 .\ARM_GCC_541\Debug\VESC_Serial_PWM.a(CySpc.o)
 .text.CySpcLock
                0x00000000       0x68 .\ARM_GCC_541\Debug\VESC_Serial_PWM.a(CySpc.o)
 .text.CySpcUnlock
                0x00000000       0x50 .\ARM_GCC_541\Debug\VESC_Serial_PWM.a(CySpc.o)
 .text.CySpcGetAlgorithm
                0x00000000       0x44 .\ARM_GCC_541\Debug\VESC_Serial_PWM.a(CySpc.o)
 .text          0x00000000      0x21c c:/program files (x86)/cypress/psoc creator/4.2/psoc creator/import/gnu/arm/5.4.1/bin/../lib/gcc/arm-none-eabi/5.4.1/armv7-m\libgcc.a(_arm_addsubsf3.o)
 .data          0x00000000        0x0 c:/program files (x86)/cypress/psoc creator/4.2/psoc creator/import/gnu/arm/5.4.1/bin/../lib/gcc/arm-none-eabi/5.4.1/armv7-m\libgcc.a(_arm_addsubsf3.o)
 .bss           0x00000000        0x0 c:/program files (x86)/cypress/psoc creator/4.2/psoc creator/import/gnu/arm/5.4.1/bin/../lib/gcc/arm-none-eabi/5.4.1/armv7-m\libgcc.a(_arm_addsubsf3.o)
 .text          0x00000000      0x2a0 c:/program files (x86)/cypress/psoc creator/4.2/psoc creator/import/gnu/arm/5.4.1/bin/../lib/gcc/arm-none-eabi/5.4.1/armv7-m\libgcc.a(_arm_muldivsf3.o)
 .data          0x00000000        0x0 c:/program files (x86)/cypress/psoc creator/4.2/psoc creator/import/gnu/arm/5.4.1/bin/../lib/gcc/arm-none-eabi/5.4.1/armv7-m\libgcc.a(_arm_muldivsf3.o)
 .bss           0x00000000        0x0 c:/program files (x86)/cypress/psoc creator/4.2/psoc creator/import/gnu/arm/5.4.1/bin/../lib/gcc/arm-none-eabi/5.4.1/armv7-m\libgcc.a(_arm_muldivsf3.o)
 .text          0x00000000       0x4c c:/program files (x86)/cypress/psoc creator/4.2/psoc creator/import/gnu/arm/5.4.1/bin/../lib/gcc/arm-none-eabi/5.4.1/armv7-m\libgcc.a(_arm_fixsfsi.o)
 .data          0x00000000        0x0 c:/program files (x86)/cypress/psoc creator/4.2/psoc creator/import/gnu/arm/5.4.1/bin/../lib/gcc/arm-none-eabi/5.4.1/armv7-m\libgcc.a(_arm_fixsfsi.o)
 .bss           0x00000000        0x0 c:/program files (x86)/cypress/psoc creator/4.2/psoc creator/import/gnu/arm/5.4.1/bin/../lib/gcc/arm-none-eabi/5.4.1/armv7-m\libgcc.a(_arm_fixsfsi.o)
 .text          0x00000000        0x0 c:/program files (x86)/cypress/psoc creator/4.2/psoc creator/import/gnu/arm/5.4.1/bin/../lib/gcc/arm-none-eabi/5.4.1/../../../../arm-none-eabi/lib/armv7-m\libg_nano.a(lib_a-errno.o)
 .data          0x00000000        0x0 c:/program files (x86)/cypress/psoc creator/4.2/psoc creator/import/gnu/arm/5.4.1/bin/../lib/gcc/arm-none-eabi/5.4.1/../../../../arm-none-eabi/lib/armv7-m\libg_nano.a(lib_a-errno.o)
 .bss           0x00000000        0x0 c:/program files (x86)/cypress/psoc creator/4.2/psoc creator/import/gnu/arm/5.4.1/bin/../lib/gcc/arm-none-eabi/5.4.1/../../../../arm-none-eabi/lib/armv7-m\libg_nano.a(lib_a-errno.o)
 .text          0x00000000        0x0 c:/program files (x86)/cypress/psoc creator/4.2/psoc creator/import/gnu/arm/5.4.1/bin/../lib/gcc/arm-none-eabi/5.4.1/../../../../arm-none-eabi/lib/armv7-m\libg_nano.a(lib_a-exit.o)
 .data          0x00000000        0x0 c:/program files (x86)/cypress/psoc creator/4.2/psoc creator/import/gnu/arm/5.4.1/bin/../lib/gcc/arm-none-eabi/5.4.1/../../../../arm-none-eabi/lib/armv7-m\libg_nano.a(lib_a-exit.o)
 .bss           0x00000000        0x0 c:/program files (x86)/cypress/psoc creator/4.2/psoc creator/import/gnu/arm/5.4.1/bin/../lib/gcc/arm-none-eabi/5.4.1/../../../../arm-none-eabi/lib/armv7-m\libg_nano.a(lib_a-exit.o)
 .text.exit     0x00000000       0x28 c:/program files (x86)/cypress/psoc creator/4.2/psoc creator/import/gnu/arm/5.4.1/bin/../lib/gcc/arm-none-eabi/5.4.1/../../../../arm-none-eabi/lib/armv7-m\libg_nano.a(lib_a-exit.o)
 .text          0x00000000        0x0 c:/program files (x86)/cypress/psoc creator/4.2/psoc creator/import/gnu/arm/5.4.1/bin/../lib/gcc/arm-none-eabi/5.4.1/../../../../arm-none-eabi/lib/armv7-m\libg_nano.a(lib_a-impure.o)
 .data          0x00000000        0x0 c:/program files (x86)/cypress/psoc creator/4.2/psoc creator/import/gnu/arm/5.4.1/bin/../lib/gcc/arm-none-eabi/5.4.1/../../../../arm-none-eabi/lib/armv7-m\libg_nano.a(lib_a-impure.o)
 .bss           0x00000000        0x0 c:/program files (x86)/cypress/psoc creator/4.2/psoc creator/import/gnu/arm/5.4.1/bin/../lib/gcc/arm-none-eabi/5.4.1/../../../../arm-none-eabi/lib/armv7-m\libg_nano.a(lib_a-impure.o)
 .rodata._global_impure_ptr
                0x00000000        0x4 c:/program files (x86)/cypress/psoc creator/4.2/psoc creator/import/gnu/arm/5.4.1/bin/../lib/gcc/arm-none-eabi/5.4.1/../../../../arm-none-eabi/lib/armv7-m\libg_nano.a(lib_a-impure.o)
 .text          0x00000000        0x0 c:/program files (x86)/cypress/psoc creator/4.2/psoc creator/import/gnu/arm/5.4.1/bin/../lib/gcc/arm-none-eabi/5.4.1/../../../../arm-none-eabi/lib/armv7-m\libg_nano.a(lib_a-init.o)
 .data          0x00000000        0x0 c:/program files (x86)/cypress/psoc creator/4.2/psoc creator/import/gnu/arm/5.4.1/bin/../lib/gcc/arm-none-eabi/5.4.1/../../../../arm-none-eabi/lib/armv7-m\libg_nano.a(lib_a-init.o)
 .bss           0x00000000        0x0 c:/program files (x86)/cypress/psoc creator/4.2/psoc creator/import/gnu/arm/5.4.1/bin/../lib/gcc/arm-none-eabi/5.4.1/../../../../arm-none-eabi/lib/armv7-m\libg_nano.a(lib_a-init.o)
 .text          0x00000000        0x0 c:/program files (x86)/cypress/psoc creator/4.2/psoc creator/import/gnu/arm/5.4.1/bin/../lib/gcc/arm-none-eabi/5.4.1/../../../../arm-none-eabi/lib/armv7-m\libg_nano.a(lib_a-memcpy-stub.o)
 .data          0x00000000        0x0 c:/program files (x86)/cypress/psoc creator/4.2/psoc creator/import/gnu/arm/5.4.1/bin/../lib/gcc/arm-none-eabi/5.4.1/../../../../arm-none-eabi/lib/armv7-m\libg_nano.a(lib_a-memcpy-stub.o)
 .bss           0x00000000        0x0 c:/program files (x86)/cypress/psoc creator/4.2/psoc creator/import/gnu/arm/5.4.1/bin/../lib/gcc/arm-none-eabi/5.4.1/../../../../arm-none-eabi/lib/armv7-m\libg_nano.a(lib_a-memcpy-stub.o)
 .text          0x00000000        0x0 c:/program files (x86)/cypress/psoc creator/4.2/psoc creator/import/gnu/arm/5.4.1/bin/../lib/gcc/arm-none-eabi/5.4.1/../../../../arm-none-eabi/lib/armv7-m\libg_nano.a(lib_a-memset.o)
 .data          0x00000000        0x0 c:/program files (x86)/cypress/psoc creator/4.2/psoc creator/import/gnu/arm/5.4.1/bin/../lib/gcc/arm-none-eabi/5.4.1/../../../../arm-none-eabi/lib/armv7-m\libg_nano.a(lib_a-memset.o)
 .bss           0x00000000        0x0 c:/program files (x86)/cypress/psoc creator/4.2/psoc creator/import/gnu/arm/5.4.1/bin/../lib/gcc/arm-none-eabi/5.4.1/../../../../arm-none-eabi/lib/armv7-m\libg_nano.a(lib_a-memset.o)
 .text.memset   0x00000000       0x10 c:/program files (x86)/cypress/psoc creator/4.2/psoc creator/import/gnu/arm/5.4.1/bin/../lib/gcc/arm-none-eabi/5.4.1/../../../../arm-none-eabi/lib/armv7-m\libg_nano.a(lib_a-memset.o)
 .text          0x00000000        0x0 c:/program files (x86)/cypress/psoc creator/4.2/psoc creator/import/gnu/arm/5.4.1/bin/../lib/gcc/arm-none-eabi/5.4.1/armv7-m/crtend.o
 .data          0x00000000        0x0 c:/program files (x86)/cypress/psoc creator/4.2/psoc creator/import/gnu/arm/5.4.1/bin/../lib/gcc/arm-none-eabi/5.4.1/armv7-m/crtend.o
 .bss           0x00000000        0x0 c:/program files (x86)/cypress/psoc creator/4.2/psoc creator/import/gnu/arm/5.4.1/bin/../lib/gcc/arm-none-eabi/5.4.1/armv7-m/crtend.o
 .text          0x00000000        0x0 c:/program files (x86)/cypress/psoc creator/4.2/psoc creator/import/gnu/arm/5.4.1/bin/../lib/gcc/arm-none-eabi/5.4.1/armv7-m/crtn.o
 .data          0x00000000        0x0 c:/program files (x86)/cypress/psoc creator/4.2/psoc creator/import/gnu/arm/5.4.1/bin/../lib/gcc/arm-none-eabi/5.4.1/armv7-m/crtn.o
 .bss           0x00000000        0x0 c:/program files (x86)/cypress/psoc creator/4.2/psoc creator/import/gnu/arm/5.4.1/bin/../lib/gcc/arm-none-eabi/5.4.1/armv7-m/crtn.o

Memory Configuration

Name             Origin             Length             Attributes
rom              0x00000000         0x00040000         xr
ram              0x1fff8000         0x00010000         xrw
*default*        0x00000000         0xffffffff

Linker script and memory map

LOAD c:/program files (x86)/cypress/psoc creator/4.2/psoc creator/import/gnu/arm/5.4.1/bin/../lib/gcc/arm-none-eabi/5.4.1/armv7-m/crti.o
LOAD c:/program files (x86)/cypress/psoc creator/4.2/psoc creator/import/gnu/arm/5.4.1/bin/../lib/gcc/arm-none-eabi/5.4.1/armv7-m/crtbegin.o
LOAD c:/program files (x86)/cypress/psoc creator/4.2/psoc creator/import/gnu/arm/5.4.1/bin/../lib/gcc/arm-none-eabi/5.4.1/../../../../arm-none-eabi/lib/armv7-m/crt0.o
START GROUP
LOAD .\ARM_GCC_541\Debug\main.o
LOAD .\ARM_GCC_541\Debug\cyfitter_cfg.o
LOAD .\ARM_GCC_541\Debug\cymetadata.o
LOAD .\ARM_GCC_541\Debug\Cm3Start.o
LOAD .\ARM_GCC_541\Debug\VESC_Serial_PWM.a
LOAD C:\Program Files (x86)\Cypress\PSoC Creator\4.2\PSoC Creator\psoc\content\cycomponentlibrary\CyComponentLibrary.cylib\CortexM3\ARM_GCC_541\Debug\CyComponentLibrary.a
END GROUP
START GROUP
LOAD c:/program files (x86)/cypress/psoc creator/4.2/psoc creator/import/gnu/arm/5.4.1/bin/../lib/gcc/arm-none-eabi/5.4.1/armv7-m\libgcc.a
LOAD c:/program files (x86)/cypress/psoc creator/4.2/psoc creator/import/gnu/arm/5.4.1/bin/../lib/gcc/arm-none-eabi/5.4.1/../../../../arm-none-eabi/lib/armv7-m\libg_nano.a
LOAD c:/program files (x86)/cypress/psoc creator/4.2/psoc creator/import/gnu/arm/5.4.1/bin/../lib/gcc/arm-none-eabi/5.4.1/../../../../arm-none-eabi/lib/armv7-m\libc_nano.a
END GROUP
START GROUP
LOAD c:/program files (x86)/cypress/psoc creator/4.2/psoc creator/import/gnu/arm/5.4.1/bin/../lib/gcc/arm-none-eabi/5.4.1/armv7-m\libgcc.a
LOAD c:/program files (x86)/cypress/psoc creator/4.2/psoc creator/import/gnu/arm/5.4.1/bin/../lib/gcc/arm-none-eabi/5.4.1/../../../../arm-none-eabi/lib/armv7-m\libc_nano.a
END GROUP
LOAD c:/program files (x86)/cypress/psoc creator/4.2/psoc creator/import/gnu/arm/5.4.1/bin/../lib/gcc/arm-none-eabi/5.4.1/armv7-m/crtend.o
LOAD c:/program files (x86)/cypress/psoc creator/4.2/psoc creator/import/gnu/arm/5.4.1/bin/../lib/gcc/arm-none-eabi/5.4.1/armv7-m/crtn.o
START GROUP
LOAD c:/program files (x86)/cypress/psoc creator/4.2/psoc creator/import/gnu/arm/5.4.1/bin/../lib/gcc/arm-none-eabi/5.4.1/armv7-m\libgcc.a
LOAD c:/program files (x86)/cypress/psoc creator/4.2/psoc creator/import/gnu/arm/5.4.1/bin/../lib/gcc/arm-none-eabi/5.4.1/../../../../arm-none-eabi/lib/armv7-m\libc.a
LOAD c:/program files (x86)/cypress/psoc creator/4.2/psoc creator/import/gnu/arm/5.4.1/bin/../lib/gcc/arm-none-eabi/5.4.1/../../../../arm-none-eabi/lib/armv7-m\libnosys.a
END GROUP
                0x00000000                CY_APPL_ORIGIN = 0x0
                0x00000100                CY_FLASH_ROW_SIZE = 0x100
                0x00000020                CY_ECC_ROW_SIZE = 0x20
                0x00000000                CY_EE_IN_BTLDR = 0x0
                0x00000000                CY_APPL_LOADABLE = 0x0
                0x00000800                CY_EE_SIZE = 0x800
                0x00000001                CY_APPL_NUM = 0x1
                0x00000001                CY_APPL_MAX = 0x1
                0x00000040                CY_METADATA_SIZE = 0x40
                0x00000000                CY_APPL_LOADABLE = 0x0
                0x00000000                CY_CHECKSUM_EXCLUDE_SIZE = ALIGN (0x0, CY_FLASH_ROW_SIZE)
                [!provide]                PROVIDE (__cy_heap_start, _end)
                0x00000001                PROVIDE (__cy_region_num, ((__cy_regions_end - __cy_regions) / 0x10))
                0x20008000                PROVIDE (__cy_stack, (ORIGIN (ram) + LENGTH (ram)))
                [!provide]                PROVIDE (__cy_heap_end, (__cy_stack - 0x800))

.cybootloader   0x00000000        0x0
 *(.cybootloader)
                0x00000000                appl1_start = CY_APPL_ORIGIN?CY_APPL_ORIGIN:ALIGN (CY_FLASH_ROW_SIZE)
                0x0001ff00                appl2_start = (appl1_start + ALIGN ((((LENGTH (rom) - appl1_start) - (0x2 * CY_FLASH_ROW_SIZE)) / 0x2), CY_FLASH_ROW_SIZE))
                0x00000000                appl_start = (CY_APPL_NUM == 0x1)?appl1_start:appl2_start
                0x00000000                ecc_offset = ((appl_start / CY_FLASH_ROW_SIZE) * CY_ECC_ROW_SIZE)
                0x00000000                ee_offset = (CY_APPL_LOADABLE && ! (CY_EE_IN_BTLDR))?((CY_EE_SIZE / CY_APPL_MAX) * (CY_APPL_NUM - 0x1)):0x0
                0x00000800                ee_size = (CY_APPL_LOADABLE && ! (CY_EE_IN_BTLDR))?(CY_EE_SIZE / CY_APPL_MAX):CY_EE_SIZE
                [!provide]                PROVIDE (CY_ECC_OFFSET, ecc_offset)

.text           0x00000000      0xb02
 CREATE_OBJECT_SYMBOLS
                0x00000000                PROVIDE (__cy_interrupt_vector, RomVectors)
 *(.romvectors)
 .romvectors    0x00000000       0x10 .\ARM_GCC_541\Debug\Cm3Start.o
                0x00000000                RomVectors
                0x00000001                ASSERT ((. != __cy_interrupt_vector), No interrupt vector)
                0x00000001                ASSERT (CY_APPL_ORIGIN?(SIZEOF (.cybootloader) <= CY_APPL_ORIGIN):0x1, Wrong image location)
                0x00000010                PROVIDE (__cy_reset, Reset)
 *(.text.Reset)
 .text.Reset    0x00000010       0x18 .\ARM_GCC_541\Debug\Cm3Start.o
                0x00000010                Reset
                0x00000001                ASSERT ((. != __cy_reset), No reset code)
 *(.dma_init)
 .dma_init      0x00000028      0x178 .\ARM_GCC_541\Debug\cyfitter_cfg.o
                0x00000001                ASSERT ((((appl_start + .) <= 0x10000) || 0x0), DMA Init must be within the first 64k of flash)
 *(.text .text.* .gnu.linkonce.t.*)
 .text          0x000001a0       0x5c c:/program files (x86)/cypress/psoc creator/4.2/psoc creator/import/gnu/arm/5.4.1/bin/../lib/gcc/arm-none-eabi/5.4.1/armv7-m/crtbegin.o
 .text.main     0x000001fc       0x94 .\ARM_GCC_541\Debug\main.o
                0x000001fc                main
 .text.CYCONFIGCPY
                0x00000290       0x20 .\ARM_GCC_541\Debug\cyfitter_cfg.o
 .text.CyClockStartupError
                0x000002b0        0xc .\ARM_GCC_541\Debug\cyfitter_cfg.o
 .text.cfg_dma_init
                0x000002bc      0x174 .\ARM_GCC_541\Debug\cyfitter_cfg.o
 .text.ClockSetup
                0x00000430      0x114 .\ARM_GCC_541\Debug\cyfitter_cfg.o
 .text.AnalogSetDefault
                0x00000544       0x44 .\ARM_GCC_541\Debug\cyfitter_cfg.o
 .text.cyfitter_cfg
                0x00000588       0xec .\ARM_GCC_541\Debug\cyfitter_cfg.o
                0x00000588                cyfitter_cfg
 .text.IntDefaultHandler
                0x00000674       0x14 .\ARM_GCC_541\Debug\Cm3Start.o
                0x00000674                IntDefaultHandler
 .text.Start_c  0x00000688       0x98 .\ARM_GCC_541\Debug\Cm3Start.o
                0x00000688                Start_c
 .text.initialize_psoc
                0x00000720       0x90 .\ARM_GCC_541\Debug\Cm3Start.o
                0x00000720                initialize_psoc
 .text.CyDelay  0x000007b0       0x44 .\ARM_GCC_541\Debug\VESC_Serial_PWM.a(CyLib.o)
                0x000007b0                CyDelay
 .text.PWM_Start
                0x000007f4       0x24 .\ARM_GCC_541\Debug\VESC_Serial_PWM.a(PWM.o)
                0x000007f4                PWM_Start
 .text.PWM_Init
                0x00000818       0x6c .\ARM_GCC_541\Debug\VESC_Serial_PWM.a(PWM.o)
                0x00000818                PWM_Init
 .text.PWM_Enable
                0x00000884       0x20 .\ARM_GCC_541\Debug\VESC_Serial_PWM.a(PWM.o)
                0x00000884                PWM_Enable
 .text.PWM_WriteCounter
                0x000008a4       0x20 .\ARM_GCC_541\Debug\VESC_Serial_PWM.a(PWM.o)
                0x000008a4                PWM_WriteCounter
 .text.PWM_WritePeriod
                0x000008c4       0x20 .\ARM_GCC_541\Debug\VESC_Serial_PWM.a(PWM.o)
                0x000008c4                PWM_WritePeriod
 .text.PWM_WriteCompare
                0x000008e4       0x20 .\ARM_GCC_541\Debug\VESC_Serial_PWM.a(PWM.o)
                0x000008e4                PWM_WriteCompare
 .text.UART_Start
                0x00000904       0x24 .\ARM_GCC_541\Debug\VESC_Serial_PWM.a(UART.o)
                0x00000904                UART_Start
 .text.UART_Init
                0x00000928       0x40 .\ARM_GCC_541\Debug\VESC_Serial_PWM.a(UART.o)
                0x00000928                UART_Init
 .text.UART_Enable
                0x00000968       0x60 .\ARM_GCC_541\Debug\VESC_Serial_PWM.a(UART.o)
                0x00000968                UART_Enable
 .text.UART_GetChar
                0x000009c8       0x44 .\ARM_GCC_541\Debug\VESC_Serial_PWM.a(UART.o)
                0x000009c8                UART_GetChar
 .text.UART_IntClock_Start
                0x00000a0c       0x34 .\ARM_GCC_541\Debug\VESC_Serial_PWM.a(UART_IntClock.o)
                0x00000a0c                UART_IntClock_Start
 .text          0x00000a40       0x54 .\ARM_GCC_541\Debug\VESC_Serial_PWM.a(CyBootAsmGnu.o)
                0x00000a40                CyDelayCycles
                0x00000a7e                CyEnterCriticalSection
                0x00000a86                CyExitCriticalSection
 .text.__errno  0x00000a94        0xc c:/program files (x86)/cypress/psoc creator/4.2/psoc creator/import/gnu/arm/5.4.1/bin/../lib/gcc/arm-none-eabi/5.4.1/../../../../arm-none-eabi/lib/armv7-m\libg_nano.a(lib_a-errno.o)
                0x00000a94                __errno
 .text.__libc_init_array
                0x00000aa0       0x4c c:/program files (x86)/cypress/psoc creator/4.2/psoc creator/import/gnu/arm/5.4.1/bin/../lib/gcc/arm-none-eabi/5.4.1/../../../../arm-none-eabi/lib/armv7-m\libg_nano.a(lib_a-init.o)
                0x00000aa0                __libc_init_array
 .text.memcpy   0x00000aec       0x16 c:/program files (x86)/cypress/psoc creator/4.2/psoc creator/import/gnu/arm/5.4.1/bin/../lib/gcc/arm-none-eabi/5.4.1/../../../../arm-none-eabi/lib/armv7-m\libg_nano.a(lib_a-memcpy-stub.o)
                0x00000aec                memcpy
 *(.plt)
 *(.gnu.warning)
 *(.glue_7t)
 .glue_7t       0x00000b02        0x0 linker stubs
 *(.glue_7)
 .glue_7        0x00000b02        0x0 linker stubs
 *(.vfp11_veneer)
 .vfp11_veneer  0x00000b02        0x0 linker stubs
 *(.bootloader)
 *(.ARM.extab* .gnu.linkonce.armextab.*)
 *(.gcc_except_table)

.v4_bx          0x00000b04        0x0
 .v4_bx         0x00000b04        0x0 linker stubs

.iplt           0x00000b04        0x0
 .iplt          0x00000b04        0x0 c:/program files (x86)/cypress/psoc creator/4.2/psoc creator/import/gnu/arm/5.4.1/bin/../lib/gcc/arm-none-eabi/5.4.1/armv7-m/crtbegin.o

.eh_frame_hdr
 *(.eh_frame_hdr)

.eh_frame       0x00000b04        0x4
 *(.eh_frame)
 .eh_frame      0x00000b04        0x0 c:/program files (x86)/cypress/psoc creator/4.2/psoc creator/import/gnu/arm/5.4.1/bin/../lib/gcc/arm-none-eabi/5.4.1/armv7-m/crtbegin.o
 .eh_frame      0x00000b04        0x4 c:/program files (x86)/cypress/psoc creator/4.2/psoc creator/import/gnu/arm/5.4.1/bin/../lib/gcc/arm-none-eabi/5.4.1/armv7-m/crtend.o
                [!provide]                PROVIDE (__exidx_start, .)

.ARM.exidx
 *(.ARM.exidx* .gnu.linkonce.armexidx.*)
                0x00000b08                __exidx_end = .

.rodata         0x00000b08       0xe0
 *(.rodata .rodata.* .gnu.linkonce.r.*)
 .rodata        0x00000b08       0xa8 .\ARM_GCC_541\Debug\cyfitter_cfg.o
 .rodata.str1.1
                0x00000bb0        0x2 c:/program files (x86)/cypress/psoc creator/4.2/psoc creator/import/gnu/arm/5.4.1/bin/../lib/gcc/arm-none-eabi/5.4.1/../../../../arm-none-eabi/lib/armv7-m\libg_nano.a(lib_a-impure.o)
                0x00000bb4                . = ALIGN (0x4)
 *fill*         0x00000bb2        0x2 
 *(.init)
 .init          0x00000bb4        0x4 c:/program files (x86)/cypress/psoc creator/4.2/psoc creator/import/gnu/arm/5.4.1/bin/../lib/gcc/arm-none-eabi/5.4.1/armv7-m/crti.o
                0x00000bb4                _init
 .init          0x00000bb8        0x8 c:/program files (x86)/cypress/psoc creator/4.2/psoc creator/import/gnu/arm/5.4.1/bin/../lib/gcc/arm-none-eabi/5.4.1/armv7-m/crtn.o
                0x00000bc0                . = ALIGN (0x4)
                0x00000bc0                __preinit_array_start = .
 *(.preinit_array)
                0x00000bc0                __preinit_array_end = .
                0x00000bc0                . = ALIGN (0x4)
                0x00000bc0                __init_array_start = .
 *(SORT(.init_array.*))
 *(.init_array)
 .init_array    0x00000bc0        0x4 c:/program files (x86)/cypress/psoc creator/4.2/psoc creator/import/gnu/arm/5.4.1/bin/../lib/gcc/arm-none-eabi/5.4.1/armv7-m/crtbegin.o
 .init_array    0x00000bc4        0x4 .\ARM_GCC_541\Debug\Cm3Start.o
                0x00000bc8                __init_array_end = .
                0x00000bc8                . = ALIGN (0x4)
 *(.fini)
 .fini          0x00000bc8        0x4 c:/program files (x86)/cypress/psoc creator/4.2/psoc creator/import/gnu/arm/5.4.1/bin/../lib/gcc/arm-none-eabi/5.4.1/armv7-m/crti.o
                0x00000bc8                _fini
 .fini          0x00000bcc        0x8 c:/program files (x86)/cypress/psoc creator/4.2/psoc creator/import/gnu/arm/5.4.1/bin/../lib/gcc/arm-none-eabi/5.4.1/armv7-m/crtn.o
                0x00000bd4                . = ALIGN (0x4)
                0x00000bd4                __fini_array_start = .
 *(.fini_array)
 .fini_array    0x00000bd4        0x4 c:/program files (x86)/cypress/psoc creator/4.2/psoc creator/import/gnu/arm/5.4.1/bin/../lib/gcc/arm-none-eabi/5.4.1/armv7-m/crtbegin.o
 *(SORT(.fini_array.*))
                0x00000bd8                __fini_array_end = .
                0x00000bd8                . = ALIGN (0x4)
 *crtbegin.o(.ctors)
 *(EXCLUDE_FILE(*crtend.o) .ctors)
 *(SORT(.ctors.*))
 *crtend.o(.ctors)
                0x00000bd8                . = ALIGN (0x4)
 *crtbegin.o(.dtors)
 *(EXCLUDE_FILE(*crtend.o) .dtors)
 *(SORT(.dtors.*))
 *crtend.o(.dtors)
                0x00000bd8                . = ALIGN (0x4)
                0x00000bd8                __cy_regions = .
                0x00000bd8        0x4 LONG 0xbe8 __cy_region_init_ram
                0x00000bdc        0x4 LONG 0x1fff80c8 __cy_region_start_data
                0x00000be0        0x4 LONG 0x78 __cy_region_init_size_ram
                0x00000be4        0x4 LONG 0x28 __cy_region_zero_size_ram
                0x00000be8                __cy_regions_end = .
                0x00000be8                . = ALIGN (0x8)
                0x00000be8                _etext = .

.cy_checksum_exclude
                0x00000be8        0x0
 *(.cy_checksum_exclude)

.ramvectors     0x1fff8000       0xc0
                0x1fff8000                __cy_region_start_ram = .
 *(.ramvectors)
 .ramvectors    0x1fff8000       0xc0 .\ARM_GCC_541\Debug\Cm3Start.o
                0x1fff8000                CyRamVectors

.noinit         0x1fff80c0        0x5
 *(.noinit)
 .noinit        0x1fff80c0        0x4 .\ARM_GCC_541\Debug\Cm3Start.o
 .noinit        0x1fff80c4        0x1 .\ARM_GCC_541\Debug\VESC_Serial_PWM.a(CyLib.o)
                0x1fff80c4                CyResetStatus

.data           0x1fff80c8       0x78 load address 0x00000be8
                0x1fff80c8                __cy_region_start_data = .
 *(.jcr)
 .jcr           0x1fff80c8        0x0 c:/program files (x86)/cypress/psoc creator/4.2/psoc creator/import/gnu/arm/5.4.1/bin/../lib/gcc/arm-none-eabi/5.4.1/armv7-m/crtbegin.o
 .jcr           0x1fff80c8        0x4 c:/program files (x86)/cypress/psoc creator/4.2/psoc creator/import/gnu/arm/5.4.1/bin/../lib/gcc/arm-none-eabi/5.4.1/armv7-m/crtend.o
 *(.got.plt)
 *(.got)
 *(.shdata)
 *(.data .data.* .gnu.linkonce.d.*)
 .data          0x1fff80cc       0x10 .\ARM_GCC_541\Debug\VESC_Serial_PWM.a(CyLib.o)
                0x1fff80cc                cydelay_freq_hz
                0x1fff80d0                cydelay_freq_khz
                0x1fff80d4                cydelay_freq_mhz
                0x1fff80d8                cydelay_32k_ms
 .data.impure_data
                0x1fff80dc       0x60 c:/program files (x86)/cypress/psoc creator/4.2/psoc creator/import/gnu/arm/5.4.1/bin/../lib/gcc/arm-none-eabi/5.4.1/../../../../arm-none-eabi/lib/armv7-m\libg_nano.a(lib_a-impure.o)
 .data._impure_ptr
                0x1fff813c        0x4 c:/program files (x86)/cypress/psoc creator/4.2/psoc creator/import/gnu/arm/5.4.1/bin/../lib/gcc/arm-none-eabi/5.4.1/../../../../arm-none-eabi/lib/armv7-m\libg_nano.a(lib_a-impure.o)
                0x1fff813c                _impure_ptr
                0x1fff8140                . = ALIGN (0x8)
 *(.ram)
                0x1fff8140                _edata = .

.igot.plt       0x1fff8140        0x0 load address 0x00000c60
 .igot.plt      0x1fff8140        0x0 c:/program files (x86)/cypress/psoc creator/4.2/psoc creator/import/gnu/arm/5.4.1/bin/../lib/gcc/arm-none-eabi/5.4.1/armv7-m/crtbegin.o

.bss            0x1fff8140       0x28 load address 0x00000c60
                0x1fff8140                PROVIDE (__bss_start__, .)
 *(.shbss)
 *(.bss .bss.* .gnu.linkonce.b.*)
 .bss           0x1fff8140       0x1c c:/program files (x86)/cypress/psoc creator/4.2/psoc creator/import/gnu/arm/5.4.1/bin/../lib/gcc/arm-none-eabi/5.4.1/armv7-m/crtbegin.o
 *fill*         0x1fff815c        0x4 
 .bss           0x1fff8160        0x4 .\ARM_GCC_541\Debug\cyfitter_cfg.o
 .bss           0x1fff8164        0x1 .\ARM_GCC_541\Debug\VESC_Serial_PWM.a(PWM.o)
                0x1fff8164                PWM_initVar
 .bss           0x1fff8165        0x2 .\ARM_GCC_541\Debug\VESC_Serial_PWM.a(UART.o)
                0x1fff8165                UART_initVar
 *(COMMON)
                0x1fff8168                . = ALIGN (0x8)
 *fill*         0x1fff8167        0x1 
 *(.ram.b)
                0x1fff8168                _end = .
                0x1fff8168                __end = .
                0x1fff8168                PROVIDE (end, .)
                0x1fff8168                PROVIDE (__bss_end__, .)
                0x00000be8                __cy_region_init_ram = LOADADDR (.data)
                0x00000078                __cy_region_init_size_ram = (_edata - ADDR (.data))
                0x00000028                __cy_region_zero_size_ram = (_end - _edata)

.heap           0x1fff8168       0x80 load address 0x00000c60
                0x1fff8168                . = _end
                0x1fff81e8                . = (. + 0x80)
 *fill*         0x1fff8168       0x80 
                0x1fff81e8                __cy_heap_limit = .

.stack          0x20007800      0x800
                0x20007800                __cy_stack_limit = .
                0x20008000                . = (. + 0x800)
 *fill*         0x20007800      0x800 
                0x00000001                ASSERT ((__cy_stack_limit >= __cy_heap_limit), region RAM overflowed with stack)
                0x00000000                cy_checksum_exclude_size = (CY_APPL_LOADABLE == 0x1)?SIZEOF (.cy_checksum_exclude):0x0
                0x00000001                ASSERT ((cy_checksum_exclude_size <= CY_CHECKSUM_EXCLUDE_SIZE), CY_BOOT: Section .cy_checksum_exclude size exceedes specified limit.)

.cyloadermeta
 *(.cyloadermeta)

.cyloadablemeta
 *(.cyloadablemeta)

.cyconfigecc    0x80000000      0x9f0
 *(.cyconfigecc)
 .cyconfigecc   0x80000000      0x9f0 .\ARM_GCC_541\Debug\cymetadata.o
                0x80000000                cy_meta_configecc

.cycustnvl      0x90000000        0x4
 *(.cycustnvl)
 .cycustnvl     0x90000000        0x4 .\ARM_GCC_541\Debug\cymetadata.o
                0x90000000                cy_meta_custnvl

.cywolatch      0x90100000        0x4
 *(.cywolatch)
 .cywolatch     0x90100000        0x4 .\ARM_GCC_541\Debug\cymetadata.o
                0x90100000                cy_meta_wonvl

.cyeeprom       0x90200000        0x0
 *(.cyeeprom)
                0x00000001                ASSERT ((. <= ((0x90200000 + ee_offset) + ee_size)), .cyeeprom data will not fit in EEPROM)

.cyflashprotect
                0x90400000      0x100
 *(.cyflashprotect)
 .cyflashprotect
                0x90400000      0x100 .\ARM_GCC_541\Debug\cymetadata.o
                0x90400000                cy_meta_flashprotect

.cymeta         0x90500000        0xc
 *(.cymeta)
 .cymeta        0x90500000        0xc .\ARM_GCC_541\Debug\cymetadata.o
                0x90500000                cy_metadata

.rel.dyn        0x00000c60        0x0 load address 0x9050000c
 .rel.iplt      0x00000c60        0x0 c:/program files (x86)/cypress/psoc creator/4.2/psoc creator/import/gnu/arm/5.4.1/bin/../lib/gcc/arm-none-eabi/5.4.1/armv7-m/crtbegin.o

.stab
 *(.stab)

.stabstr
 *(.stabstr)

.debug
 *(.debug)

.line
 *(.line)

.debug_srcinfo
 *(.debug_srcinfo)

.debug_sfnames
 *(.debug_sfnames)

.debug_aranges  0x00000000      0x728
 *(.debug_aranges)
 .debug_aranges
                0x00000000       0x28 .\ARM_GCC_541\Debug\main.o
 .debug_aranges
                0x00000028       0x60 .\ARM_GCC_541\Debug\cyfitter_cfg.o
 .debug_aranges
                0x00000088       0x18 .\ARM_GCC_541\Debug\cymetadata.o
 .debug_aranges
                0x000000a0       0x48 .\ARM_GCC_541\Debug\Cm3Start.o
 .debug_aranges
                0x000000e8      0x2a0 .\ARM_GCC_541\Debug\VESC_Serial_PWM.a(CyLib.o)
 .debug_aranges
                0x00000388       0x98 .\ARM_GCC_541\Debug\VESC_Serial_PWM.a(cyPm.o)
 .debug_aranges
                0x00000420       0x80 .\ARM_GCC_541\Debug\VESC_Serial_PWM.a(PWM.o)
 .debug_aranges
                0x000004a0       0xf0 .\ARM_GCC_541\Debug\VESC_Serial_PWM.a(UART.o)
 .debug_aranges
                0x00000590       0x70 .\ARM_GCC_541\Debug\VESC_Serial_PWM.a(UART_IntClock.o)
 .debug_aranges
                0x00000600       0x20 .\ARM_GCC_541\Debug\VESC_Serial_PWM.a(CyBootAsmGnu.o)
 .debug_aranges
                0x00000620       0x88 .\ARM_GCC_541\Debug\VESC_Serial_PWM.a(CyFlash.o)
 .debug_aranges
                0x000006a8       0x80 .\ARM_GCC_541\Debug\VESC_Serial_PWM.a(CySpc.o)

.debug_pubnames
 *(.debug_pubnames)

.debug_info     0x00000000     0x3044
 *(.debug_info .gnu.linkonce.wi.*)
 .debug_info    0x00000000      0x1a3 .\ARM_GCC_541\Debug\main.o
 .debug_info    0x000001a3      0x3ce .\ARM_GCC_541\Debug\cyfitter_cfg.o
 .debug_info    0x00000571      0x139 .\ARM_GCC_541\Debug\cymetadata.o
 .debug_info    0x000006aa      0x32b .\ARM_GCC_541\Debug\Cm3Start.o
 .debug_info    0x000009d5      0xe51 .\ARM_GCC_541\Debug\VESC_Serial_PWM.a(CyLib.o)
 .debug_info    0x00001826      0x57a .\ARM_GCC_541\Debug\VESC_Serial_PWM.a(cyPm.o)
 .debug_info    0x00001da0      0x24b .\ARM_GCC_541\Debug\VESC_Serial_PWM.a(PWM.o)
 .debug_info    0x00001feb      0x50a .\ARM_GCC_541\Debug\VESC_Serial_PWM.a(UART.o)
 .debug_info    0x000024f5      0x25d .\ARM_GCC_541\Debug\VESC_Serial_PWM.a(UART_IntClock.o)
 .debug_info    0x00002752       0x79 .\ARM_GCC_541\Debug\VESC_Serial_PWM.a(CyBootAsmGnu.o)
 .debug_info    0x000027cb      0x3b9 .\ARM_GCC_541\Debug\VESC_Serial_PWM.a(CyFlash.o)
 .debug_info    0x00002b84      0x4c0 .\ARM_GCC_541\Debug\VESC_Serial_PWM.a(CySpc.o)

.debug_abbrev   0x00000000      0xe85
 *(.debug_abbrev)
 .debug_abbrev  0x00000000       0xdc .\ARM_GCC_541\Debug\main.o
 .debug_abbrev  0x000000dc      0x183 .\ARM_GCC_541\Debug\cyfitter_cfg.o
 .debug_abbrev  0x0000025f       0x77 .\ARM_GCC_541\Debug\cymetadata.o
 .debug_abbrev  0x000002d6      0x1d6 .\ARM_GCC_541\Debug\Cm3Start.o
 .debug_abbrev  0x000004ac      0x217 .\ARM_GCC_541\Debug\VESC_Serial_PWM.a(CyLib.o)
 .debug_abbrev  0x000006c3      0x161 .\ARM_GCC_541\Debug\VESC_Serial_PWM.a(cyPm.o)
 .debug_abbrev  0x00000824      0x116 .\ARM_GCC_541\Debug\VESC_Serial_PWM.a(PWM.o)
 .debug_abbrev  0x0000093a      0x163 .\ARM_GCC_541\Debug\VESC_Serial_PWM.a(UART.o)
 .debug_abbrev  0x00000a9d      0x11d .\ARM_GCC_541\Debug\VESC_Serial_PWM.a(UART_IntClock.o)
 .debug_abbrev  0x00000bba       0x14 .\ARM_GCC_541\Debug\VESC_Serial_PWM.a(CyBootAsmGnu.o)
 .debug_abbrev  0x00000bce      0x14b .\ARM_GCC_541\Debug\VESC_Serial_PWM.a(CyFlash.o)
 .debug_abbrev  0x00000d19      0x16c .\ARM_GCC_541\Debug\VESC_Serial_PWM.a(CySpc.o)

.debug_line     0x00000000     0x1d8b
 *(.debug_line)
 .debug_line    0x00000000      0x191 .\ARM_GCC_541\Debug\main.o
 .debug_line    0x00000191      0x219 .\ARM_GCC_541\Debug\cyfitter_cfg.o
 .debug_line    0x000003aa      0x141 .\ARM_GCC_541\Debug\cymetadata.o
 .debug_line    0x000004eb      0x1dc .\ARM_GCC_541\Debug\Cm3Start.o
 .debug_line    0x000006c7      0x883 .\ARM_GCC_541\Debug\VESC_Serial_PWM.a(CyLib.o)
 .debug_line    0x00000f4a      0x38e .\ARM_GCC_541\Debug\VESC_Serial_PWM.a(cyPm.o)
 .debug_line    0x000012d8      0x148 .\ARM_GCC_541\Debug\VESC_Serial_PWM.a(PWM.o)
 .debug_line    0x00001420      0x2e2 .\ARM_GCC_541\Debug\VESC_Serial_PWM.a(UART.o)
 .debug_line    0x00001702      0x1ac .\ARM_GCC_541\Debug\VESC_Serial_PWM.a(UART_IntClock.o)
 .debug_line    0x000018ae       0x7d .\ARM_GCC_541\Debug\VESC_Serial_PWM.a(CyBootAsmGnu.o)
 .debug_line    0x0000192b      0x22f .\ARM_GCC_541\Debug\VESC_Serial_PWM.a(CyFlash.o)
 .debug_line    0x00001b5a      0x231 .\ARM_GCC_541\Debug\VESC_Serial_PWM.a(CySpc.o)

.debug_frame    0x00000000     0x1dc0
 *(.debug_frame)
 .debug_frame   0x00000000       0x58 .\ARM_GCC_541\Debug\main.o
 .debug_frame   0x00000058      0x160 .\ARM_GCC_541\Debug\cyfitter_cfg.o
 .debug_frame   0x000001b8       0xd8 .\ARM_GCC_541\Debug\Cm3Start.o
 .debug_frame   0x00000290      0xc0c .\ARM_GCC_541\Debug\VESC_Serial_PWM.a(CyLib.o)
 .debug_frame   0x00000e9c      0x234 .\ARM_GCC_541\Debug\VESC_Serial_PWM.a(cyPm.o)
 .debug_frame   0x000010d0      0x1f4 .\ARM_GCC_541\Debug\VESC_Serial_PWM.a(PWM.o)
 .debug_frame   0x000012c4      0x42c .\ARM_GCC_541\Debug\VESC_Serial_PWM.a(UART.o)
 .debug_frame   0x000016f0      0x1b4 .\ARM_GCC_541\Debug\VESC_Serial_PWM.a(UART_IntClock.o)
 .debug_frame   0x000018a4      0x238 .\ARM_GCC_541\Debug\VESC_Serial_PWM.a(CyFlash.o)
 .debug_frame   0x00001adc      0x228 .\ARM_GCC_541\Debug\VESC_Serial_PWM.a(CySpc.o)
 .debug_frame   0x00001d04       0x20 c:/program files (x86)/cypress/psoc creator/4.2/psoc creator/import/gnu/arm/5.4.1/bin/../lib/gcc/arm-none-eabi/5.4.1/../../../../arm-none-eabi/lib/armv7-m\libg_nano.a(lib_a-errno.o)
 .debug_frame   0x00001d24       0x28 c:/program files (x86)/cypress/psoc creator/4.2/psoc creator/import/gnu/arm/5.4.1/bin/../lib/gcc/arm-none-eabi/5.4.1/../../../../arm-none-eabi/lib/armv7-m\libg_nano.a(lib_a-exit.o)
 .debug_frame   0x00001d4c       0x2c c:/program files (x86)/cypress/psoc creator/4.2/psoc creator/import/gnu/arm/5.4.1/bin/../lib/gcc/arm-none-eabi/5.4.1/../../../../arm-none-eabi/lib/armv7-m\libg_nano.a(lib_a-init.o)
 .debug_frame   0x00001d78       0x28 c:/program files (x86)/cypress/psoc creator/4.2/psoc creator/import/gnu/arm/5.4.1/bin/../lib/gcc/arm-none-eabi/5.4.1/../../../../arm-none-eabi/lib/armv7-m\libg_nano.a(lib_a-memcpy-stub.o)
 .debug_frame   0x00001da0       0x20 c:/program files (x86)/cypress/psoc creator/4.2/psoc creator/import/gnu/arm/5.4.1/bin/../lib/gcc/arm-none-eabi/5.4.1/../../../../arm-none-eabi/lib/armv7-m\libg_nano.a(lib_a-memset.o)

.debug_str      0x00000000     0x17fb
 *(.debug_str)
 .debug_str     0x00000000      0x181 .\ARM_GCC_541\Debug\main.o
                                0x1d2 (size before relaxing)
 .debug_str     0x00000181      0x19f .\ARM_GCC_541\Debug\cyfitter_cfg.o
                                0x308 (size before relaxing)
 .debug_str     0x00000320       0x7f .\ARM_GCC_541\Debug\cymetadata.o
                                0x1cd (size before relaxing)
 .debug_str     0x0000039f      0x11e .\ARM_GCC_541\Debug\Cm3Start.o
                                0x2c0 (size before relaxing)
 .debug_str     0x000004bd      0x812 .\ARM_GCC_541\Debug\VESC_Serial_PWM.a(CyLib.o)
                                0x9d3 (size before relaxing)
 .debug_str     0x00000ccf      0x371 .\ARM_GCC_541\Debug\VESC_Serial_PWM.a(cyPm.o)
                                0x52c (size before relaxing)
 .debug_str     0x00001040      0x116 .\ARM_GCC_541\Debug\VESC_Serial_PWM.a(PWM.o)
                                0x299 (size before relaxing)
 .debug_str     0x00001156      0x278 .\ARM_GCC_541\Debug\VESC_Serial_PWM.a(UART.o)
                                0x40a (size before relaxing)
 .debug_str     0x000013ce      0x1aa .\ARM_GCC_541\Debug\VESC_Serial_PWM.a(UART_IntClock.o)
                                0x31f (size before relaxing)
 .debug_str     0x00001578      0x14f .\ARM_GCC_541\Debug\VESC_Serial_PWM.a(CyFlash.o)
                                0x2f0 (size before relaxing)
 .debug_str     0x000016c7      0x134 .\ARM_GCC_541\Debug\VESC_Serial_PWM.a(CySpc.o)
                                0x2ea (size before relaxing)

.debug_loc
 *(.debug_loc)

.debug_macinfo
 *(.debug_macinfo)

.debug_ranges   0x00000000      0x650
 *(.debug_ranges)
 .debug_ranges  0x00000000       0x18 .\ARM_GCC_541\Debug\main.o
 .debug_ranges  0x00000018       0x50 .\ARM_GCC_541\Debug\cyfitter_cfg.o
 .debug_ranges  0x00000068       0x38 .\ARM_GCC_541\Debug\Cm3Start.o
 .debug_ranges  0x000000a0      0x290 .\ARM_GCC_541\Debug\VESC_Serial_PWM.a(CyLib.o)
 .debug_ranges  0x00000330       0x88 .\ARM_GCC_541\Debug\VESC_Serial_PWM.a(cyPm.o)
 .debug_ranges  0x000003b8       0x70 .\ARM_GCC_541\Debug\VESC_Serial_PWM.a(PWM.o)
 .debug_ranges  0x00000428       0xe0 .\ARM_GCC_541\Debug\VESC_Serial_PWM.a(UART.o)
 .debug_ranges  0x00000508       0x60 .\ARM_GCC_541\Debug\VESC_Serial_PWM.a(UART_IntClock.o)
 .debug_ranges  0x00000568       0x78 .\ARM_GCC_541\Debug\VESC_Serial_PWM.a(CyFlash.o)
 .debug_ranges  0x000005e0       0x70 .\ARM_GCC_541\Debug\VESC_Serial_PWM.a(CySpc.o)

.comment        0x00000000       0x6e
 .comment       0x00000000       0x6e .\ARM_GCC_541\Debug\main.o
                                 0x6f (size before relaxing)
 .comment       0x0000006e       0x6f .\ARM_GCC_541\Debug\cyfitter_cfg.o
 .comment       0x0000006e       0x6f .\ARM_GCC_541\Debug\cymetadata.o
 .comment       0x0000006e       0x6f .\ARM_GCC_541\Debug\Cm3Start.o
 .comment       0x0000006e       0x6f .\ARM_GCC_541\Debug\VESC_Serial_PWM.a(CyLib.o)
 .comment       0x0000006e       0x6f .\ARM_GCC_541\Debug\VESC_Serial_PWM.a(cyPm.o)
 .comment       0x0000006e       0x6f .\ARM_GCC_541\Debug\VESC_Serial_PWM.a(PWM.o)
 .comment       0x0000006e       0x6f .\ARM_GCC_541\Debug\VESC_Serial_PWM.a(UART.o)
 .comment       0x0000006e       0x6f .\ARM_GCC_541\Debug\VESC_Serial_PWM.a(UART_IntClock.o)
 .comment       0x0000006e       0x6f .\ARM_GCC_541\Debug\VESC_Serial_PWM.a(CyFlash.o)
 .comment       0x0000006e       0x6f .\ARM_GCC_541\Debug\VESC_Serial_PWM.a(CySpc.o)

.debug_weaknames
 *(.debug_weaknames)

.debug_funcnames
 *(.debug_funcnames)

.debug_typenames
 *(.debug_typenames)

.debug_varnames
 *(.debug_varnames)

.note.gnu.arm.ident
 *(.note.gnu.arm.ident)

.ARM.attributes
                0x00000000       0x29
 *(.ARM.attributes)
 .ARM.attributes
                0x00000000       0x1d c:/program files (x86)/cypress/psoc creator/4.2/psoc creator/import/gnu/arm/5.4.1/bin/../lib/gcc/arm-none-eabi/5.4.1/armv7-m/crti.o
 .ARM.attributes
                0x0000001d       0x2d c:/program files (x86)/cypress/psoc creator/4.2/psoc creator/import/gnu/arm/5.4.1/bin/../lib/gcc/arm-none-eabi/5.4.1/armv7-m/crtbegin.o
 .ARM.attributes
                0x0000004a       0x1b c:/program files (x86)/cypress/psoc creator/4.2/psoc creator/import/gnu/arm/5.4.1/bin/../lib/gcc/arm-none-eabi/5.4.1/../../../../arm-none-eabi/lib/armv7-m/crt0.o
 .ARM.attributes
                0x00000065       0x33 .\ARM_GCC_541\Debug\main.o
 .ARM.attributes
                0x00000098       0x33 .\ARM_GCC_541\Debug\cyfitter_cfg.o
 .ARM.attributes
                0x000000cb       0x33 .\ARM_GCC_541\Debug\cymetadata.o
 .ARM.attributes
                0x000000fe       0x33 .\ARM_GCC_541\Debug\Cm3Start.o
 .ARM.attributes
                0x00000131       0x33 .\ARM_GCC_541\Debug\VESC_Serial_PWM.a(CyLib.o)
 .ARM.attributes
                0x00000164       0x33 .\ARM_GCC_541\Debug\VESC_Serial_PWM.a(cyPm.o)
 .ARM.attributes
                0x00000197       0x33 .\ARM_GCC_541\Debug\VESC_Serial_PWM.a(PWM.o)
 .ARM.attributes
                0x000001ca       0x33 .\ARM_GCC_541\Debug\VESC_Serial_PWM.a(UART.o)
 .ARM.attributes
                0x000001fd       0x33 .\ARM_GCC_541\Debug\VESC_Serial_PWM.a(UART_IntClock.o)
 .ARM.attributes
                0x00000230       0x21 .\ARM_GCC_541\Debug\VESC_Serial_PWM.a(CyBootAsmGnu.o)
 .ARM.attributes
                0x00000251       0x33 .\ARM_GCC_541\Debug\VESC_Serial_PWM.a(CyFlash.o)
 .ARM.attributes
                0x00000284       0x33 .\ARM_GCC_541\Debug\VESC_Serial_PWM.a(CySpc.o)
 .ARM.attributes
                0x000002b7       0x1d c:/program files (x86)/cypress/psoc creator/4.2/psoc creator/import/gnu/arm/5.4.1/bin/../lib/gcc/arm-none-eabi/5.4.1/armv7-m\libgcc.a(_arm_addsubsf3.o)
 .ARM.attributes
                0x000002d4       0x1d c:/program files (x86)/cypress/psoc creator/4.2/psoc creator/import/gnu/arm/5.4.1/bin/../lib/gcc/arm-none-eabi/5.4.1/armv7-m\libgcc.a(_arm_muldivsf3.o)
 .ARM.attributes
                0x000002f1       0x1d c:/program files (x86)/cypress/psoc creator/4.2/psoc creator/import/gnu/arm/5.4.1/bin/../lib/gcc/arm-none-eabi/5.4.1/armv7-m\libgcc.a(_arm_fixsfsi.o)
 .ARM.attributes
                0x0000030e       0x2d c:/program files (x86)/cypress/psoc creator/4.2/psoc creator/import/gnu/arm/5.4.1/bin/../lib/gcc/arm-none-eabi/5.4.1/../../../../arm-none-eabi/lib/armv7-m\libg_nano.a(lib_a-errno.o)
 .ARM.attributes
                0x0000033b       0x2d c:/program files (x86)/cypress/psoc creator/4.2/psoc creator/import/gnu/arm/5.4.1/bin/../lib/gcc/arm-none-eabi/5.4.1/../../../../arm-none-eabi/lib/armv7-m\libg_nano.a(lib_a-exit.o)
 .ARM.attributes
                0x00000368       0x2d c:/program files (x86)/cypress/psoc creator/4.2/psoc creator/import/gnu/arm/5.4.1/bin/../lib/gcc/arm-none-eabi/5.4.1/../../../../arm-none-eabi/lib/armv7-m\libg_nano.a(lib_a-impure.o)
 .ARM.attributes
                0x00000395       0x2d c:/program files (x86)/cypress/psoc creator/4.2/psoc creator/import/gnu/arm/5.4.1/bin/../lib/gcc/arm-none-eabi/5.4.1/../../../../arm-none-eabi/lib/armv7-m\libg_nano.a(lib_a-init.o)
 .ARM.attributes
                0x000003c2       0x2d c:/program files (x86)/cypress/psoc creator/4.2/psoc creator/import/gnu/arm/5.4.1/bin/../lib/gcc/arm-none-eabi/5.4.1/../../../../arm-none-eabi/lib/armv7-m\libg_nano.a(lib_a-memcpy-stub.o)
 .ARM.attributes
                0x000003ef       0x2d c:/program files (x86)/cypress/psoc creator/4.2/psoc creator/import/gnu/arm/5.4.1/bin/../lib/gcc/arm-none-eabi/5.4.1/../../../../arm-none-eabi/lib/armv7-m\libg_nano.a(lib_a-memset.o)
 .ARM.attributes
                0x0000041c       0x2d c:/program files (x86)/cypress/psoc creator/4.2/psoc creator/import/gnu/arm/5.4.1/bin/../lib/gcc/arm-none-eabi/5.4.1/armv7-m/crtend.o
 .ARM.attributes
                0x00000449       0x1d c:/program files (x86)/cypress/psoc creator/4.2/psoc creator/import/gnu/arm/5.4.1/bin/../lib/gcc/arm-none-eabi/5.4.1/armv7-m/crtn.o

/DISCARD/
 *(.note.GNU-stack)
OUTPUT(C:\school\me135\PSOC\VESC_Serial_PWM.cydsn\ARM_GCC_541\Debug\VESC_Serial_PWM.elf elf32-littlearm)
